[2025-07-04T18:34:10.632+0000] {local_task_job_runner.py:120} INFO - ::group::Pre task execution logs
[2025-07-04T18:34:10.659+0000] {taskinstance.py:2076} INFO - Dependencies all met for dep_context=non-requeueable deps ti=<TaskInstance: trustpilot_pipeline.scrape_trustpilot_reviews scheduled__2025-06-23T04:00:00+00:00 [queued]>
[2025-07-04T18:34:10.666+0000] {taskinstance.py:2076} INFO - Dependencies all met for dep_context=requeueable deps ti=<TaskInstance: trustpilot_pipeline.scrape_trustpilot_reviews scheduled__2025-06-23T04:00:00+00:00 [queued]>
[2025-07-04T18:34:10.666+0000] {taskinstance.py:2306} INFO - Starting attempt 2 of 2
[2025-07-04T18:34:10.678+0000] {taskinstance.py:2330} INFO - Executing <Task(PythonOperator): scrape_trustpilot_reviews> on 2025-06-23 04:00:00+00:00
[2025-07-04T18:34:10.686+0000] {standard_task_runner.py:63} INFO - Started process 347 to run task
[2025-07-04T18:34:10.689+0000] {standard_task_runner.py:90} INFO - Running: ['***', 'tasks', 'run', 'trustpilot_pipeline', 'scrape_trustpilot_reviews', 'scheduled__2025-06-23T04:00:00+00:00', '--job-id', '5', '--raw', '--subdir', 'DAGS_FOLDER/trustpilot_dag.py', '--cfg-path', '/tmp/tmpfpm9a9zd']
[2025-07-04T18:34:10.692+0000] {standard_task_runner.py:91} INFO - Job 5: Subtask scrape_trustpilot_reviews
[2025-07-04T18:34:10.738+0000] {task_command.py:426} INFO - Running <TaskInstance: trustpilot_pipeline.scrape_trustpilot_reviews scheduled__2025-06-23T04:00:00+00:00 [running]> on host 183d0867eeb2
[2025-07-04T18:34:10.817+0000] {taskinstance.py:2648} INFO - Exporting env vars: AIRFLOW_CTX_DAG_OWNER='***' AIRFLOW_CTX_DAG_ID='trustpilot_pipeline' AIRFLOW_CTX_TASK_ID='scrape_trustpilot_reviews' AIRFLOW_CTX_EXECUTION_DATE='2025-06-23T04:00:00+00:00' AIRFLOW_CTX_TRY_NUMBER='2' AIRFLOW_CTX_DAG_RUN_ID='scheduled__2025-06-23T04:00:00+00:00'
[2025-07-04T18:34:10.818+0000] {taskinstance.py:430} INFO - ::endgroup::
[2025-07-04T18:34:10.829+0000] {logging_mixin.py:188} INFO - ▶ Début du pipeline à 2025-07-04T18:34:10.828965
[2025-07-04T18:34:10.829+0000] {logging_mixin.py:188} INFO - ⚙️ Mode SCRAPER sélectionné : csv
[2025-07-04T18:34:10.829+0000] {logging_mixin.py:188} INFO - 📄 Lecture du fichier de test : /opt/***/data/verbatims_test.csv
[2025-07-04T18:34:10.829+0000] {logging_mixin.py:188} INFO - 🧼 Nettoyage des données...
[2025-07-04T18:34:10.839+0000] {taskinstance.py:441} INFO - ::group::Post task execution logs
[2025-07-04T18:34:10.839+0000] {taskinstance.py:2905} ERROR - Task failed with exception
Traceback (most recent call last):
  File "/home/airflow/.local/lib/python3.11/site-packages/airflow/models/taskinstance.py", line 465, in _execute_task
    result = _execute_callable(context=context, **execute_callable_kwargs)
             ^^^^^^^^^^^^^^^^^^^^^^^^^^^^^^^^^^^^^^^^^^^^^^^^^^^^^^^^^^^^^
  File "/home/airflow/.local/lib/python3.11/site-packages/airflow/models/taskinstance.py", line 432, in _execute_callable
    return execute_callable(context=context, **execute_callable_kwargs)
           ^^^^^^^^^^^^^^^^^^^^^^^^^^^^^^^^^^^^^^^^^^^^^^^^^^^^^^^^^^^^
  File "/home/airflow/.local/lib/python3.11/site-packages/airflow/models/baseoperator.py", line 400, in wrapper
    return func(self, *args, **kwargs)
           ^^^^^^^^^^^^^^^^^^^^^^^^^^^
  File "/home/airflow/.local/lib/python3.11/site-packages/airflow/operators/python.py", line 235, in execute
    return_value = self.execute_callable()
                   ^^^^^^^^^^^^^^^^^^^^^^^
  File "/home/airflow/.local/lib/python3.11/site-packages/airflow/operators/python.py", line 252, in execute_callable
    return self.python_callable(*self.op_args, **self.op_kwargs)
           ^^^^^^^^^^^^^^^^^^^^^^^^^^^^^^^^^^^^^^^^^^^^^^^^^^^^^
  File "/opt/airflow/project/scripts_data/main.py", line 66, in main
    clean_csv(input_file, output_file)
  File "/opt/airflow/project/scripts_data/cleaner.py", line 48, in clean_csv
    df.to_csv(output_file, index=False, encoding='utf-8')
  File "/home/airflow/.local/lib/python3.11/site-packages/pandas/core/generic.py", line 3902, in to_csv
    return DataFrameRenderer(formatter).to_csv(
           ^^^^^^^^^^^^^^^^^^^^^^^^^^^^^^^^^^^^
  File "/home/airflow/.local/lib/python3.11/site-packages/pandas/io/formats/format.py", line 1152, in to_csv
    csv_formatter.save()
  File "/home/airflow/.local/lib/python3.11/site-packages/pandas/io/formats/csvs.py", line 247, in save
    with get_handle(
         ^^^^^^^^^^^
  File "/home/airflow/.local/lib/python3.11/site-packages/pandas/io/common.py", line 863, in get_handle
    handle = open(
             ^^^^^
PermissionError: [Errno 13] Permission denied: 'data/avis_nettoyes.csv'
[2025-07-04T18:34:10.853+0000] {taskinstance.py:1206} INFO - Marking task as FAILED. dag_id=trustpilot_pipeline, task_id=scrape_trustpilot_reviews, run_id=scheduled__2025-06-23T04:00:00+00:00, execution_date=20250623T040000, start_date=20250704T183410, end_date=20250704T183410
[2025-07-04T18:34:10.864+0000] {standard_task_runner.py:110} ERROR - Failed to execute job 5 for task scrape_trustpilot_reviews ([Errno 13] Permission denied: 'data/avis_nettoyes.csv'; 347)
[2025-07-04T18:34:10.901+0000] {local_task_job_runner.py:240} INFO - Task exited with return code 1
[2025-07-04T18:34:10.931+0000] {taskinstance.py:3498} INFO - 0 downstream tasks scheduled from follow-on schedule check
[2025-07-04T18:34:10.936+0000] {local_task_job_runner.py:222} INFO - ::endgroup::
[2025-07-04T18:41:55.103+0000] {local_task_job_runner.py:120} INFO - ::group::Pre task execution logs
[2025-07-04T18:41:55.132+0000] {taskinstance.py:2076} INFO - Dependencies all met for dep_context=non-requeueable deps ti=<TaskInstance: trustpilot_pipeline.scrape_trustpilot_reviews scheduled__2025-06-23T04:00:00+00:00 [queued]>
[2025-07-04T18:41:55.142+0000] {taskinstance.py:2076} INFO - Dependencies all met for dep_context=requeueable deps ti=<TaskInstance: trustpilot_pipeline.scrape_trustpilot_reviews scheduled__2025-06-23T04:00:00+00:00 [queued]>
[2025-07-04T18:41:55.143+0000] {taskinstance.py:2306} INFO - Starting attempt 2 of 2
[2025-07-04T18:41:55.157+0000] {taskinstance.py:2330} INFO - Executing <Task(PythonOperator): scrape_trustpilot_reviews> on 2025-06-23 04:00:00+00:00
[2025-07-04T18:41:55.166+0000] {standard_task_runner.py:63} INFO - Started process 275 to run task
[2025-07-04T18:41:55.169+0000] {standard_task_runner.py:90} INFO - Running: ['***', 'tasks', 'run', 'trustpilot_pipeline', 'scrape_trustpilot_reviews', 'scheduled__2025-06-23T04:00:00+00:00', '--job-id', '5', '--raw', '--subdir', 'DAGS_FOLDER/trustpilot_dag.py', '--cfg-path', '/tmp/tmpw0sg5837']
[2025-07-04T18:41:55.172+0000] {standard_task_runner.py:91} INFO - Job 5: Subtask scrape_trustpilot_reviews
[2025-07-04T18:41:55.223+0000] {task_command.py:426} INFO - Running <TaskInstance: trustpilot_pipeline.scrape_trustpilot_reviews scheduled__2025-06-23T04:00:00+00:00 [running]> on host 8a733a1b3149
[2025-07-04T18:41:55.319+0000] {taskinstance.py:2648} INFO - Exporting env vars: AIRFLOW_CTX_DAG_OWNER='***' AIRFLOW_CTX_DAG_ID='trustpilot_pipeline' AIRFLOW_CTX_TASK_ID='scrape_trustpilot_reviews' AIRFLOW_CTX_EXECUTION_DATE='2025-06-23T04:00:00+00:00' AIRFLOW_CTX_TRY_NUMBER='2' AIRFLOW_CTX_DAG_RUN_ID='scheduled__2025-06-23T04:00:00+00:00'
[2025-07-04T18:41:55.320+0000] {taskinstance.py:430} INFO - ::endgroup::
[2025-07-04T18:41:55.333+0000] {logging_mixin.py:188} INFO - ▶ Début du pipeline à 2025-07-04T18:41:55.332958
[2025-07-04T18:41:55.333+0000] {logging_mixin.py:188} INFO - ⚙️ Mode SCRAPER sélectionné : csv
[2025-07-04T18:41:55.333+0000] {logging_mixin.py:188} INFO - 📄 Lecture du fichier de test : /opt/***/data/verbatims_test.csv
[2025-07-04T18:41:55.333+0000] {logging_mixin.py:188} INFO - 🧼 Nettoyage des données...
[2025-07-04T18:41:55.344+0000] {taskinstance.py:441} INFO - ::group::Post task execution logs
[2025-07-04T18:41:55.344+0000] {taskinstance.py:2905} ERROR - Task failed with exception
Traceback (most recent call last):
  File "/home/airflow/.local/lib/python3.11/site-packages/airflow/models/taskinstance.py", line 465, in _execute_task
    result = _execute_callable(context=context, **execute_callable_kwargs)
             ^^^^^^^^^^^^^^^^^^^^^^^^^^^^^^^^^^^^^^^^^^^^^^^^^^^^^^^^^^^^^
  File "/home/airflow/.local/lib/python3.11/site-packages/airflow/models/taskinstance.py", line 432, in _execute_callable
    return execute_callable(context=context, **execute_callable_kwargs)
           ^^^^^^^^^^^^^^^^^^^^^^^^^^^^^^^^^^^^^^^^^^^^^^^^^^^^^^^^^^^^
  File "/home/airflow/.local/lib/python3.11/site-packages/airflow/models/baseoperator.py", line 400, in wrapper
    return func(self, *args, **kwargs)
           ^^^^^^^^^^^^^^^^^^^^^^^^^^^
  File "/home/airflow/.local/lib/python3.11/site-packages/airflow/operators/python.py", line 235, in execute
    return_value = self.execute_callable()
                   ^^^^^^^^^^^^^^^^^^^^^^^
  File "/home/airflow/.local/lib/python3.11/site-packages/airflow/operators/python.py", line 252, in execute_callable
    return self.python_callable(*self.op_args, **self.op_kwargs)
           ^^^^^^^^^^^^^^^^^^^^^^^^^^^^^^^^^^^^^^^^^^^^^^^^^^^^^
  File "/opt/airflow/project/scripts_data/main.py", line 66, in main
    clean_csv(input_file, output_file)
  File "/opt/airflow/project/scripts_data/cleaner.py", line 48, in clean_csv
    df.to_csv(output_file, index=False, encoding='utf-8')
  File "/home/airflow/.local/lib/python3.11/site-packages/pandas/core/generic.py", line 3902, in to_csv
    return DataFrameRenderer(formatter).to_csv(
           ^^^^^^^^^^^^^^^^^^^^^^^^^^^^^^^^^^^^
  File "/home/airflow/.local/lib/python3.11/site-packages/pandas/io/formats/format.py", line 1152, in to_csv
    csv_formatter.save()
  File "/home/airflow/.local/lib/python3.11/site-packages/pandas/io/formats/csvs.py", line 247, in save
    with get_handle(
         ^^^^^^^^^^^
  File "/home/airflow/.local/lib/python3.11/site-packages/pandas/io/common.py", line 863, in get_handle
    handle = open(
             ^^^^^
PermissionError: [Errno 13] Permission denied: 'data/avis_nettoyes.csv'
[2025-07-04T18:41:55.357+0000] {taskinstance.py:1206} INFO - Marking task as FAILED. dag_id=trustpilot_pipeline, task_id=scrape_trustpilot_reviews, run_id=scheduled__2025-06-23T04:00:00+00:00, execution_date=20250623T040000, start_date=20250704T184155, end_date=20250704T184155
[2025-07-04T18:41:55.367+0000] {standard_task_runner.py:110} ERROR - Failed to execute job 5 for task scrape_trustpilot_reviews ([Errno 13] Permission denied: 'data/avis_nettoyes.csv'; 275)
[2025-07-04T18:41:55.381+0000] {local_task_job_runner.py:240} INFO - Task exited with return code 1
[2025-07-04T18:41:55.407+0000] {taskinstance.py:3498} INFO - 0 downstream tasks scheduled from follow-on schedule check
[2025-07-04T18:41:55.411+0000] {local_task_job_runner.py:222} INFO - ::endgroup::
[2025-07-04T19:00:24.594+0000] {local_task_job_runner.py:120} INFO - ::group::Pre task execution logs
[2025-07-04T19:00:24.626+0000] {taskinstance.py:2076} INFO - Dependencies all met for dep_context=non-requeueable deps ti=<TaskInstance: trustpilot_pipeline.scrape_trustpilot_reviews scheduled__2025-06-23T04:00:00+00:00 [queued]>
[2025-07-04T19:00:24.633+0000] {taskinstance.py:2076} INFO - Dependencies all met for dep_context=requeueable deps ti=<TaskInstance: trustpilot_pipeline.scrape_trustpilot_reviews scheduled__2025-06-23T04:00:00+00:00 [queued]>
[2025-07-04T19:00:24.634+0000] {taskinstance.py:2306} INFO - Starting attempt 2 of 2
[2025-07-04T19:00:24.649+0000] {taskinstance.py:2330} INFO - Executing <Task(PythonOperator): scrape_trustpilot_reviews> on 2025-06-23 04:00:00+00:00
[2025-07-04T19:00:24.656+0000] {standard_task_runner.py:63} INFO - Started process 365 to run task
[2025-07-04T19:00:24.659+0000] {standard_task_runner.py:90} INFO - Running: ['***', 'tasks', 'run', 'trustpilot_pipeline', 'scrape_trustpilot_reviews', 'scheduled__2025-06-23T04:00:00+00:00', '--job-id', '10', '--raw', '--subdir', 'DAGS_FOLDER/trustpilot_dag.py', '--cfg-path', '/tmp/tmpahlx87vi']
[2025-07-04T19:00:24.662+0000] {standard_task_runner.py:91} INFO - Job 10: Subtask scrape_trustpilot_reviews
[2025-07-04T19:00:24.710+0000] {task_command.py:426} INFO - Running <TaskInstance: trustpilot_pipeline.scrape_trustpilot_reviews scheduled__2025-06-23T04:00:00+00:00 [running]> on host d2d3566e3ba2
[2025-07-04T19:00:24.797+0000] {taskinstance.py:2648} INFO - Exporting env vars: AIRFLOW_CTX_DAG_OWNER='***' AIRFLOW_CTX_DAG_ID='trustpilot_pipeline' AIRFLOW_CTX_TASK_ID='scrape_trustpilot_reviews' AIRFLOW_CTX_EXECUTION_DATE='2025-06-23T04:00:00+00:00' AIRFLOW_CTX_TRY_NUMBER='2' AIRFLOW_CTX_DAG_RUN_ID='scheduled__2025-06-23T04:00:00+00:00'
[2025-07-04T19:00:24.798+0000] {taskinstance.py:430} INFO - ::endgroup::
[2025-07-04T19:00:24.814+0000] {logging_mixin.py:188} INFO - ▶ Début du pipeline à 2025-07-04T19:00:24.814480
[2025-07-04T19:00:24.814+0000] {logging_mixin.py:188} INFO - ⚙️ Mode SCRAPER sélectionné : csv
[2025-07-04T19:00:24.815+0000] {logging_mixin.py:188} INFO - 📄 Lecture du fichier de test : /opt/***/data/verbatims_test.csv
[2025-07-04T19:00:24.815+0000] {logging_mixin.py:188} INFO - 🧼 Nettoyage des données...
[2025-07-04T19:00:24.828+0000] {taskinstance.py:441} INFO - ::group::Post task execution logs
[2025-07-04T19:00:24.828+0000] {taskinstance.py:2905} ERROR - Task failed with exception
Traceback (most recent call last):
  File "/home/airflow/.local/lib/python3.11/site-packages/airflow/models/taskinstance.py", line 465, in _execute_task
    result = _execute_callable(context=context, **execute_callable_kwargs)
             ^^^^^^^^^^^^^^^^^^^^^^^^^^^^^^^^^^^^^^^^^^^^^^^^^^^^^^^^^^^^^
  File "/home/airflow/.local/lib/python3.11/site-packages/airflow/models/taskinstance.py", line 432, in _execute_callable
    return execute_callable(context=context, **execute_callable_kwargs)
           ^^^^^^^^^^^^^^^^^^^^^^^^^^^^^^^^^^^^^^^^^^^^^^^^^^^^^^^^^^^^
  File "/home/airflow/.local/lib/python3.11/site-packages/airflow/models/baseoperator.py", line 400, in wrapper
    return func(self, *args, **kwargs)
           ^^^^^^^^^^^^^^^^^^^^^^^^^^^
  File "/home/airflow/.local/lib/python3.11/site-packages/airflow/operators/python.py", line 235, in execute
    return_value = self.execute_callable()
                   ^^^^^^^^^^^^^^^^^^^^^^^
  File "/home/airflow/.local/lib/python3.11/site-packages/airflow/operators/python.py", line 252, in execute_callable
    return self.python_callable(*self.op_args, **self.op_kwargs)
           ^^^^^^^^^^^^^^^^^^^^^^^^^^^^^^^^^^^^^^^^^^^^^^^^^^^^^
  File "/opt/airflow/project/scripts_data/main.py", line 66, in main
    clean_csv(input_file, output_file)
  File "/opt/airflow/project/scripts_data/cleaner.py", line 48, in clean_csv
    df.to_csv(output_file, index=False, encoding='utf-8')
  File "/home/airflow/.local/lib/python3.11/site-packages/pandas/core/generic.py", line 3902, in to_csv
    return DataFrameRenderer(formatter).to_csv(
           ^^^^^^^^^^^^^^^^^^^^^^^^^^^^^^^^^^^^
  File "/home/airflow/.local/lib/python3.11/site-packages/pandas/io/formats/format.py", line 1152, in to_csv
    csv_formatter.save()
  File "/home/airflow/.local/lib/python3.11/site-packages/pandas/io/formats/csvs.py", line 247, in save
    with get_handle(
         ^^^^^^^^^^^
  File "/home/airflow/.local/lib/python3.11/site-packages/pandas/io/common.py", line 863, in get_handle
    handle = open(
             ^^^^^
PermissionError: [Errno 13] Permission denied: '/opt/airflow/data/avis_nettoyes.csv'
[2025-07-04T19:00:24.846+0000] {taskinstance.py:1206} INFO - Marking task as FAILED. dag_id=trustpilot_pipeline, task_id=scrape_trustpilot_reviews, run_id=scheduled__2025-06-23T04:00:00+00:00, execution_date=20250623T040000, start_date=20250704T190024, end_date=20250704T190024
[2025-07-04T19:00:24.859+0000] {standard_task_runner.py:110} ERROR - Failed to execute job 10 for task scrape_trustpilot_reviews ([Errno 13] Permission denied: '/opt/airflow/data/avis_nettoyes.csv'; 365)
[2025-07-04T19:00:24.871+0000] {local_task_job_runner.py:240} INFO - Task exited with return code 1
[2025-07-04T19:00:24.899+0000] {taskinstance.py:3498} INFO - 0 downstream tasks scheduled from follow-on schedule check
[2025-07-04T19:00:24.904+0000] {local_task_job_runner.py:222} INFO - ::endgroup::
