[2025-07-09T08:06:35.730+0000] {local_task_job_runner.py:120} INFO - ::group::Pre task execution logs
[2025-07-09T08:06:35.756+0000] {taskinstance.py:2076} INFO - Dependencies all met for dep_context=non-requeueable deps ti=<TaskInstance: trustpilot_pipeline.scrape_trustpilot_reviews manual__2025-07-09T08:06:34.380078+00:00 [queued]>
[2025-07-09T08:06:35.765+0000] {taskinstance.py:2076} INFO - Dependencies all met for dep_context=requeueable deps ti=<TaskInstance: trustpilot_pipeline.scrape_trustpilot_reviews manual__2025-07-09T08:06:34.380078+00:00 [queued]>
[2025-07-09T08:06:35.765+0000] {taskinstance.py:2306} INFO - Starting attempt 1 of 2
[2025-07-09T08:06:35.778+0000] {taskinstance.py:2330} INFO - Executing <Task(PythonOperator): scrape_trustpilot_reviews> on 2025-07-09 08:06:34.380078+00:00
[2025-07-09T08:06:35.784+0000] {standard_task_runner.py:63} INFO - Started process 302 to run task
[2025-07-09T08:06:35.787+0000] {standard_task_runner.py:90} INFO - Running: ['***', 'tasks', 'run', 'trustpilot_pipeline', 'scrape_trustpilot_reviews', 'manual__2025-07-09T08:06:34.380078+00:00', '--job-id', '22', '--raw', '--subdir', 'DAGS_FOLDER/trustpilot_dag.py', '--cfg-path', '/tmp/tmp01wg56k0']
[2025-07-09T08:06:35.790+0000] {standard_task_runner.py:91} INFO - Job 22: Subtask scrape_trustpilot_reviews
[2025-07-09T08:06:35.834+0000] {task_command.py:426} INFO - Running <TaskInstance: trustpilot_pipeline.scrape_trustpilot_reviews manual__2025-07-09T08:06:34.380078+00:00 [running]> on host 667330de9e40
[2025-07-09T08:06:35.904+0000] {taskinstance.py:2648} INFO - Exporting env vars: AIRFLOW_CTX_DAG_OWNER='***' AIRFLOW_CTX_DAG_ID='trustpilot_pipeline' AIRFLOW_CTX_TASK_ID='scrape_trustpilot_reviews' AIRFLOW_CTX_EXECUTION_DATE='2025-07-09T08:06:34.380078+00:00' AIRFLOW_CTX_TRY_NUMBER='1' AIRFLOW_CTX_DAG_RUN_ID='manual__2025-07-09T08:06:34.380078+00:00'
[2025-07-09T08:06:35.905+0000] {taskinstance.py:430} INFO - ::endgroup::
[2025-07-09T08:06:35.916+0000] {logging_mixin.py:188} INFO - 📆 Wrapper Scraper : scrape_date = 2025-07-09
[2025-07-09T08:06:35.917+0000] {logging_mixin.py:188} INFO - Scraping : https://fr.trustpilot.com/review/www.leroymerlin.fr
[2025-07-09T08:06:41.651+0000] {logging_mixin.py:188} INFO - Scraping : https://fr.trustpilot.com/review/www.leroymerlin.fr?page=2
[2025-07-09T08:06:42.247+0000] {logging_mixin.py:188} INFO - Tous les avis restants datent de plus de 7 jours. Fin.
[2025-07-09T08:06:42.248+0000] {logging_mixin.py:188} INFO - Scraping terminé.
[2025-07-09T08:06:42.248+0000] {logging_mixin.py:188} INFO - 30 avis collectés.
[2025-07-09T08:06:42.250+0000] {python.py:237} INFO - Done. Returned value was: None
[2025-07-09T08:06:42.251+0000] {taskinstance.py:441} INFO - ::group::Post task execution logs
[2025-07-09T08:06:42.260+0000] {taskinstance.py:1206} INFO - Marking task as SUCCESS. dag_id=trustpilot_pipeline, task_id=scrape_trustpilot_reviews, run_id=manual__2025-07-09T08:06:34.380078+00:00, execution_date=20250709T080634, start_date=20250709T080635, end_date=20250709T080642
[2025-07-09T08:06:42.290+0000] {local_task_job_runner.py:240} INFO - Task exited with return code 0
[2025-07-09T08:06:42.311+0000] {taskinstance.py:3498} INFO - 1 downstream tasks scheduled from follow-on schedule check
[2025-07-09T08:06:42.313+0000] {local_task_job_runner.py:222} INFO - ::endgroup::
