[2025-06-12T10:56:40.428+0000] {local_task_job_runner.py:120} INFO - ::group::Pre task execution logs
[2025-06-12T10:56:40.457+0000] {taskinstance.py:2076} INFO - Dependencies all met for dep_context=non-requeueable deps ti=<TaskInstance: trustpilot_pipeline.scrape_trustpilot_reviews scheduled__2025-06-02T04:00:00+00:00 [queued]>
[2025-06-12T10:56:40.466+0000] {taskinstance.py:2076} INFO - Dependencies all met for dep_context=requeueable deps ti=<TaskInstance: trustpilot_pipeline.scrape_trustpilot_reviews scheduled__2025-06-02T04:00:00+00:00 [queued]>
[2025-06-12T10:56:40.467+0000] {taskinstance.py:2306} INFO - Starting attempt 1 of 2
[2025-06-12T10:56:40.482+0000] {taskinstance.py:2330} INFO - Executing <Task(PythonOperator): scrape_trustpilot_reviews> on 2025-06-02 04:00:00+00:00
[2025-06-12T10:56:40.489+0000] {standard_task_runner.py:63} INFO - Started process 591 to run task
[2025-06-12T10:56:40.493+0000] {standard_task_runner.py:90} INFO - Running: ['***', 'tasks', 'run', 'trustpilot_pipeline', 'scrape_trustpilot_reviews', 'scheduled__2025-06-02T04:00:00+00:00', '--job-id', '20', '--raw', '--subdir', 'DAGS_FOLDER/trustpilot_dag.py', '--cfg-path', '/tmp/tmp1bkyj2zn']
[2025-06-12T10:56:40.496+0000] {standard_task_runner.py:91} INFO - Job 20: Subtask scrape_trustpilot_reviews
[2025-06-12T10:56:40.514+0000] {logging_mixin.py:188} WARNING - /home/***/.local/lib/python3.11/site-packages/***/settings.py:195 DeprecationWarning: The sql_alchemy_conn option in [core] has been moved to the sql_alchemy_conn option in [database] - the old setting has been used, but please update your config.
[2025-06-12T10:56:40.552+0000] {task_command.py:426} INFO - Running <TaskInstance: trustpilot_pipeline.scrape_trustpilot_reviews scheduled__2025-06-02T04:00:00+00:00 [running]> on host 76d17f364da3
[2025-06-12T10:56:40.642+0000] {taskinstance.py:2648} INFO - Exporting env vars: AIRFLOW_CTX_DAG_OWNER='***' AIRFLOW_CTX_DAG_ID='trustpilot_pipeline' AIRFLOW_CTX_TASK_ID='scrape_trustpilot_reviews' AIRFLOW_CTX_EXECUTION_DATE='2025-06-02T04:00:00+00:00' AIRFLOW_CTX_TRY_NUMBER='1' AIRFLOW_CTX_DAG_RUN_ID='scheduled__2025-06-02T04:00:00+00:00'
[2025-06-12T10:56:40.644+0000] {taskinstance.py:430} INFO - ::endgroup::
[2025-06-12T10:56:40.657+0000] {logging_mixin.py:188} INFO - Scraping : https://fr.trustpilot.com/review/www.leroymerlin.fr
[2025-06-12T10:56:44.669+0000] {logging_mixin.py:188} INFO - Scraping : https://fr.trustpilot.com/review/www.leroymerlin.fr?page=2
[2025-06-12T10:56:48.701+0000] {logging_mixin.py:188} INFO - Scraping : https://fr.trustpilot.com/review/www.leroymerlin.fr?page=3
[2025-06-12T10:56:51.989+0000] {logging_mixin.py:188} INFO - Scraping : https://fr.trustpilot.com/review/www.leroymerlin.fr?page=4
[2025-06-12T10:56:52.190+0000] {logging_mixin.py:188} INFO - Tous les avis restants datent de plus de 7 jours. Fin.
[2025-06-12T10:56:52.191+0000] {logging_mixin.py:188} INFO - Scraping terminé.
[2025-06-12T10:56:52.191+0000] {logging_mixin.py:188} INFO - 66 avis collectés.
[2025-06-12T10:56:52.197+0000] {python.py:237} INFO - Done. Returned value was: None
[2025-06-12T10:56:52.198+0000] {taskinstance.py:441} INFO - ::group::Post task execution logs
[2025-06-12T10:56:52.208+0000] {taskinstance.py:1206} INFO - Marking task as SUCCESS. dag_id=trustpilot_pipeline, task_id=scrape_trustpilot_reviews, run_id=scheduled__2025-06-02T04:00:00+00:00, execution_date=20250602T040000, start_date=20250612T105640, end_date=20250612T105652
[2025-06-12T10:56:52.248+0000] {local_task_job_runner.py:240} INFO - Task exited with return code 0
[2025-06-12T10:56:52.277+0000] {taskinstance.py:3498} INFO - 1 downstream tasks scheduled from follow-on schedule check
[2025-06-12T10:56:52.280+0000] {local_task_job_runner.py:222} INFO - ::endgroup::
[2025-06-12T12:13:13.327+0000] {local_task_job_runner.py:120} INFO - ::group::Pre task execution logs
[2025-06-12T12:13:13.363+0000] {taskinstance.py:2076} INFO - Dependencies all met for dep_context=non-requeueable deps ti=<TaskInstance: trustpilot_pipeline.scrape_trustpilot_reviews scheduled__2025-06-02T04:00:00+00:00 [queued]>
[2025-06-12T12:13:13.373+0000] {taskinstance.py:2076} INFO - Dependencies all met for dep_context=requeueable deps ti=<TaskInstance: trustpilot_pipeline.scrape_trustpilot_reviews scheduled__2025-06-02T04:00:00+00:00 [queued]>
[2025-06-12T12:13:13.374+0000] {taskinstance.py:2306} INFO - Starting attempt 1 of 2
[2025-06-12T12:13:13.389+0000] {taskinstance.py:2330} INFO - Executing <Task(PythonOperator): scrape_trustpilot_reviews> on 2025-06-02 04:00:00+00:00
[2025-06-12T12:13:13.396+0000] {standard_task_runner.py:63} INFO - Started process 291 to run task
[2025-06-12T12:13:13.402+0000] {standard_task_runner.py:90} INFO - Running: ['***', 'tasks', 'run', 'trustpilot_pipeline', 'scrape_trustpilot_reviews', 'scheduled__2025-06-02T04:00:00+00:00', '--job-id', '34', '--raw', '--subdir', 'DAGS_FOLDER/trustpilot_dag.py', '--cfg-path', '/tmp/tmptt64wo8u']
[2025-06-12T12:13:13.408+0000] {standard_task_runner.py:91} INFO - Job 34: Subtask scrape_trustpilot_reviews
[2025-06-12T12:13:13.434+0000] {logging_mixin.py:188} WARNING - /home/***/.local/lib/python3.11/site-packages/***/settings.py:195 DeprecationWarning: The sql_alchemy_conn option in [core] has been moved to the sql_alchemy_conn option in [database] - the old setting has been used, but please update your config.
[2025-06-12T12:13:13.517+0000] {task_command.py:426} INFO - Running <TaskInstance: trustpilot_pipeline.scrape_trustpilot_reviews scheduled__2025-06-02T04:00:00+00:00 [running]> on host 95e8ca9b6661
[2025-06-12T12:13:13.640+0000] {taskinstance.py:2648} INFO - Exporting env vars: AIRFLOW_CTX_DAG_OWNER='***' AIRFLOW_CTX_DAG_ID='trustpilot_pipeline' AIRFLOW_CTX_TASK_ID='scrape_trustpilot_reviews' AIRFLOW_CTX_EXECUTION_DATE='2025-06-02T04:00:00+00:00' AIRFLOW_CTX_TRY_NUMBER='1' AIRFLOW_CTX_DAG_RUN_ID='scheduled__2025-06-02T04:00:00+00:00'
[2025-06-12T12:13:13.641+0000] {taskinstance.py:430} INFO - ::endgroup::
[2025-06-12T12:13:13.660+0000] {logging_mixin.py:188} INFO - 📆 Wrapper Scraper : scrape_date = 2025-06-02
[2025-06-12T12:13:13.660+0000] {logging_mixin.py:188} INFO - Scraping : https://fr.trustpilot.com/review/www.leroymerlin.fr
[2025-06-12T12:13:18.676+0000] {logging_mixin.py:188} INFO - Scraping : https://fr.trustpilot.com/review/www.leroymerlin.fr?page=2
[2025-06-12T12:13:23.311+0000] {logging_mixin.py:188} INFO - Scraping : https://fr.trustpilot.com/review/www.leroymerlin.fr?page=3
[2025-06-12T12:13:28.409+0000] {logging_mixin.py:188} INFO - Scraping : https://fr.trustpilot.com/review/www.leroymerlin.fr?page=4
[2025-06-12T12:13:29.105+0000] {logging_mixin.py:188} INFO - Tous les avis restants datent de plus de 7 jours. Fin.
[2025-06-12T12:13:29.106+0000] {logging_mixin.py:188} INFO - Scraping terminé.
[2025-06-12T12:13:29.107+0000] {logging_mixin.py:188} INFO - 67 avis collectés.
[2025-06-12T12:13:29.113+0000] {python.py:237} INFO - Done. Returned value was: None
[2025-06-12T12:13:29.113+0000] {taskinstance.py:441} INFO - ::group::Post task execution logs
[2025-06-12T12:13:29.126+0000] {taskinstance.py:1206} INFO - Marking task as SUCCESS. dag_id=trustpilot_pipeline, task_id=scrape_trustpilot_reviews, run_id=scheduled__2025-06-02T04:00:00+00:00, execution_date=20250602T040000, start_date=20250612T121313, end_date=20250612T121329
[2025-06-12T12:13:29.175+0000] {local_task_job_runner.py:240} INFO - Task exited with return code 0
[2025-06-12T12:13:29.211+0000] {taskinstance.py:3498} INFO - 1 downstream tasks scheduled from follow-on schedule check
[2025-06-12T12:13:29.213+0000] {local_task_job_runner.py:222} INFO - ::endgroup::
[2025-06-12T12:54:01.718+0000] {local_task_job_runner.py:120} INFO - ::group::Pre task execution logs
[2025-06-12T12:54:01.752+0000] {taskinstance.py:2076} INFO - Dependencies all met for dep_context=non-requeueable deps ti=<TaskInstance: trustpilot_pipeline.scrape_trustpilot_reviews scheduled__2025-06-02T04:00:00+00:00 [queued]>
[2025-06-12T12:54:01.765+0000] {taskinstance.py:2076} INFO - Dependencies all met for dep_context=requeueable deps ti=<TaskInstance: trustpilot_pipeline.scrape_trustpilot_reviews scheduled__2025-06-02T04:00:00+00:00 [queued]>
[2025-06-12T12:54:01.766+0000] {taskinstance.py:2306} INFO - Starting attempt 1 of 2
[2025-06-12T12:54:01.782+0000] {taskinstance.py:2330} INFO - Executing <Task(PythonOperator): scrape_trustpilot_reviews> on 2025-06-02 04:00:00+00:00
[2025-06-12T12:54:01.789+0000] {standard_task_runner.py:63} INFO - Started process 799 to run task
[2025-06-12T12:54:01.794+0000] {standard_task_runner.py:90} INFO - Running: ['***', 'tasks', 'run', 'trustpilot_pipeline', 'scrape_trustpilot_reviews', 'scheduled__2025-06-02T04:00:00+00:00', '--job-id', '45', '--raw', '--subdir', 'DAGS_FOLDER/trustpilot_dag.py', '--cfg-path', '/tmp/tmplnu06thf']
[2025-06-12T12:54:01.798+0000] {standard_task_runner.py:91} INFO - Job 45: Subtask scrape_trustpilot_reviews
[2025-06-12T12:54:01.821+0000] {logging_mixin.py:188} WARNING - /home/***/.local/lib/python3.11/site-packages/***/settings.py:195 DeprecationWarning: The sql_alchemy_conn option in [core] has been moved to the sql_alchemy_conn option in [database] - the old setting has been used, but please update your config.
[2025-06-12T12:54:01.888+0000] {task_command.py:426} INFO - Running <TaskInstance: trustpilot_pipeline.scrape_trustpilot_reviews scheduled__2025-06-02T04:00:00+00:00 [running]> on host 95e8ca9b6661
[2025-06-12T12:54:02.059+0000] {taskinstance.py:2648} INFO - Exporting env vars: AIRFLOW_CTX_DAG_OWNER='***' AIRFLOW_CTX_DAG_ID='trustpilot_pipeline' AIRFLOW_CTX_TASK_ID='scrape_trustpilot_reviews' AIRFLOW_CTX_EXECUTION_DATE='2025-06-02T04:00:00+00:00' AIRFLOW_CTX_TRY_NUMBER='1' AIRFLOW_CTX_DAG_RUN_ID='scheduled__2025-06-02T04:00:00+00:00'
[2025-06-12T12:54:02.061+0000] {taskinstance.py:430} INFO - ::endgroup::
[2025-06-12T12:54:02.082+0000] {logging_mixin.py:188} INFO - ▶ Début du scraping à 2025-06-12T12:54:02.081986
[2025-06-12T12:54:02.082+0000] {logging_mixin.py:188} INFO - Scraping : https://fr.trustpilot.com/review/www.leroymerlin.fr
[2025-06-12T12:54:06.715+0000] {logging_mixin.py:188} INFO - Scraping : https://fr.trustpilot.com/review/www.leroymerlin.fr?page=2
[2025-06-12T12:54:07.031+0000] {logging_mixin.py:188} INFO - Tous les avis restants datent de plus de 7 jours. Fin.
[2025-06-12T12:54:07.031+0000] {logging_mixin.py:188} INFO - Scraping terminé.
[2025-06-12T12:54:07.032+0000] {logging_mixin.py:188} INFO - 37 avis collectés.
[2025-06-12T12:54:07.037+0000] {logging_mixin.py:188} INFO - ▶ Début du nettoyage à 2025-06-12T12:54:07.037597
[2025-06-12T12:54:07.055+0000] {logging_mixin.py:188} INFO - Fichier nettoyé sauvegardé dans data/avis_nettoyes.csv
[2025-06-12T12:54:07.056+0000] {logging_mixin.py:188} INFO - ▶ Upload dans BigQuery...
[2025-06-12T12:54:10.296+0000] {logging_mixin.py:188} INFO - ✅ Données chargées dans la table temporaire trustpilot-satisfaction.reviews_dataset.temp_reviews.
[2025-06-12T12:54:12.235+0000] {logging_mixin.py:188} INFO - ✅ Données fusionnées dans la table trustpilot-satisfaction.reviews_dataset.reviews.
[2025-06-12T12:54:12.236+0000] {logging_mixin.py:188} INFO - ✅ Pipeline terminé avec succès.
[2025-06-12T12:54:12.237+0000] {python.py:237} INFO - Done. Returned value was: None
[2025-06-12T12:54:12.237+0000] {taskinstance.py:441} INFO - ::group::Post task execution logs
[2025-06-12T12:54:12.255+0000] {taskinstance.py:1206} INFO - Marking task as SUCCESS. dag_id=trustpilot_pipeline, task_id=scrape_trustpilot_reviews, run_id=scheduled__2025-06-02T04:00:00+00:00, execution_date=20250602T040000, start_date=20250612T125401, end_date=20250612T125412
[2025-06-12T12:54:12.328+0000] {local_task_job_runner.py:240} INFO - Task exited with return code 0
[2025-06-12T12:54:12.383+0000] {taskinstance.py:3498} INFO - 1 downstream tasks scheduled from follow-on schedule check
[2025-06-12T12:54:12.387+0000] {local_task_job_runner.py:222} INFO - ::endgroup::
[2025-06-12T12:55:04.248+0000] {local_task_job_runner.py:120} INFO - ::group::Pre task execution logs
[2025-06-12T12:55:04.282+0000] {taskinstance.py:2076} INFO - Dependencies all met for dep_context=non-requeueable deps ti=<TaskInstance: trustpilot_pipeline.scrape_trustpilot_reviews scheduled__2025-06-02T04:00:00+00:00 [queued]>
[2025-06-12T12:55:04.293+0000] {taskinstance.py:2076} INFO - Dependencies all met for dep_context=requeueable deps ti=<TaskInstance: trustpilot_pipeline.scrape_trustpilot_reviews scheduled__2025-06-02T04:00:00+00:00 [queued]>
[2025-06-12T12:55:04.294+0000] {taskinstance.py:2306} INFO - Starting attempt 1 of 2
[2025-06-12T12:55:04.310+0000] {taskinstance.py:2330} INFO - Executing <Task(PythonOperator): scrape_trustpilot_reviews> on 2025-06-02 04:00:00+00:00
[2025-06-12T12:55:04.318+0000] {standard_task_runner.py:63} INFO - Started process 820 to run task
[2025-06-12T12:55:04.323+0000] {standard_task_runner.py:90} INFO - Running: ['***', 'tasks', 'run', 'trustpilot_pipeline', 'scrape_trustpilot_reviews', 'scheduled__2025-06-02T04:00:00+00:00', '--job-id', '48', '--raw', '--subdir', 'DAGS_FOLDER/trustpilot_dag.py', '--cfg-path', '/tmp/tmppcc8jqvp']
[2025-06-12T12:55:04.327+0000] {standard_task_runner.py:91} INFO - Job 48: Subtask scrape_trustpilot_reviews
[2025-06-12T12:55:04.348+0000] {logging_mixin.py:188} WARNING - /home/***/.local/lib/python3.11/site-packages/***/settings.py:195 DeprecationWarning: The sql_alchemy_conn option in [core] has been moved to the sql_alchemy_conn option in [database] - the old setting has been used, but please update your config.
[2025-06-12T12:55:04.393+0000] {task_command.py:426} INFO - Running <TaskInstance: trustpilot_pipeline.scrape_trustpilot_reviews scheduled__2025-06-02T04:00:00+00:00 [running]> on host 95e8ca9b6661
[2025-06-12T12:55:04.500+0000] {taskinstance.py:2648} INFO - Exporting env vars: AIRFLOW_CTX_DAG_OWNER='***' AIRFLOW_CTX_DAG_ID='trustpilot_pipeline' AIRFLOW_CTX_TASK_ID='scrape_trustpilot_reviews' AIRFLOW_CTX_EXECUTION_DATE='2025-06-02T04:00:00+00:00' AIRFLOW_CTX_TRY_NUMBER='1' AIRFLOW_CTX_DAG_RUN_ID='scheduled__2025-06-02T04:00:00+00:00'
[2025-06-12T12:55:04.503+0000] {taskinstance.py:430} INFO - ::endgroup::
[2025-06-12T12:55:04.522+0000] {logging_mixin.py:188} INFO - ▶ Début du scraping à 2025-06-12T12:55:04.522479
[2025-06-12T12:55:04.523+0000] {logging_mixin.py:188} INFO - Scraping : https://fr.trustpilot.com/review/www.leroymerlin.fr
[2025-06-12T12:55:07.974+0000] {logging_mixin.py:188} INFO - Scraping : https://fr.trustpilot.com/review/www.leroymerlin.fr?page=2
[2025-06-12T12:55:08.229+0000] {logging_mixin.py:188} INFO - Tous les avis restants datent de plus de 7 jours. Fin.
[2025-06-12T12:55:08.230+0000] {logging_mixin.py:188} INFO - Scraping terminé.
[2025-06-12T12:55:08.231+0000] {logging_mixin.py:188} INFO - 37 avis collectés.
[2025-06-12T12:55:08.235+0000] {logging_mixin.py:188} INFO - ▶ Début du nettoyage à 2025-06-12T12:55:08.235920
[2025-06-12T12:55:08.253+0000] {logging_mixin.py:188} INFO - Fichier nettoyé sauvegardé dans data/avis_nettoyes.csv
[2025-06-12T12:55:08.254+0000] {logging_mixin.py:188} INFO - ▶ Upload dans BigQuery...
[2025-06-12T12:55:11.022+0000] {logging_mixin.py:188} INFO - ✅ Données chargées dans la table temporaire trustpilot-satisfaction.reviews_dataset.temp_reviews.
[2025-06-12T12:55:13.340+0000] {logging_mixin.py:188} INFO - ✅ Données fusionnées dans la table trustpilot-satisfaction.reviews_dataset.reviews.
[2025-06-12T12:55:13.341+0000] {logging_mixin.py:188} INFO - ✅ Pipeline terminé avec succès.
[2025-06-12T12:55:13.342+0000] {python.py:237} INFO - Done. Returned value was: None
[2025-06-12T12:55:13.343+0000] {taskinstance.py:441} INFO - ::group::Post task execution logs
[2025-06-12T12:55:13.362+0000] {taskinstance.py:1206} INFO - Marking task as SUCCESS. dag_id=trustpilot_pipeline, task_id=scrape_trustpilot_reviews, run_id=scheduled__2025-06-02T04:00:00+00:00, execution_date=20250602T040000, start_date=20250612T125504, end_date=20250612T125513
[2025-06-12T12:55:13.433+0000] {local_task_job_runner.py:240} INFO - Task exited with return code 0
[2025-06-12T12:55:13.461+0000] {taskinstance.py:3498} INFO - 1 downstream tasks scheduled from follow-on schedule check
[2025-06-12T12:55:13.464+0000] {local_task_job_runner.py:222} INFO - ::endgroup::
