[2025-07-05T07:52:19.195+0000] {local_task_job_runner.py:120} INFO - ::group::Pre task execution logs
[2025-07-05T07:52:19.230+0000] {taskinstance.py:2076} INFO - Dependencies all met for dep_context=non-requeueable deps ti=<TaskInstance: trustpilot_pipeline.analyze_and_insert manual__2025-07-05T07:52:06.014348+00:00 [queued]>
[2025-07-05T07:52:19.237+0000] {taskinstance.py:2076} INFO - Dependencies all met for dep_context=requeueable deps ti=<TaskInstance: trustpilot_pipeline.analyze_and_insert manual__2025-07-05T07:52:06.014348+00:00 [queued]>
[2025-07-05T07:52:19.238+0000] {taskinstance.py:2306} INFO - Starting attempt 1 of 2
[2025-07-05T07:52:19.248+0000] {taskinstance.py:2330} INFO - Executing <Task(PythonOperator): analyze_and_insert> on 2025-07-05 07:52:06.014348+00:00
[2025-07-05T07:52:19.255+0000] {standard_task_runner.py:63} INFO - Started process 245 to run task
[2025-07-05T07:52:19.258+0000] {standard_task_runner.py:90} INFO - Running: ['***', 'tasks', 'run', 'trustpilot_pipeline', 'analyze_and_insert', 'manual__2025-07-05T07:52:06.014348+00:00', '--job-id', '4', '--raw', '--subdir', 'DAGS_FOLDER/trustpilot_dag.py', '--cfg-path', '/tmp/tmpazxxcf63']
[2025-07-05T07:52:19.260+0000] {standard_task_runner.py:91} INFO - Job 4: Subtask analyze_and_insert
[2025-07-05T07:52:19.306+0000] {task_command.py:426} INFO - Running <TaskInstance: trustpilot_pipeline.analyze_and_insert manual__2025-07-05T07:52:06.014348+00:00 [running]> on host 4b0766ebde83
[2025-07-05T07:52:19.378+0000] {taskinstance.py:2648} INFO - Exporting env vars: AIRFLOW_CTX_DAG_OWNER='***' AIRFLOW_CTX_DAG_ID='trustpilot_pipeline' AIRFLOW_CTX_TASK_ID='analyze_and_insert' AIRFLOW_CTX_EXECUTION_DATE='2025-07-05T07:52:06.014348+00:00' AIRFLOW_CTX_TRY_NUMBER='1' AIRFLOW_CTX_DAG_RUN_ID='manual__2025-07-05T07:52:06.014348+00:00'
[2025-07-05T07:52:19.379+0000] {taskinstance.py:430} INFO - ::endgroup::
[2025-07-05T07:52:19.391+0000] {logging_mixin.py:188} INFO - 📆 Wrapper Analyse/Insert : scrape_date = 2025-07-05
[2025-07-05T07:52:19.391+0000] {logging_mixin.py:188} INFO - 📂 Fichier de credentials GCP :  /opt/***/project/config/trustpilot-satisfaction-43aac3dd82a9.json
[2025-07-05T07:52:19.393+0000] {logging_mixin.py:188} INFO - ✅ Exporter Prometheus lancé sur http://localhost:8000/metrics
[2025-07-05T07:52:19.393+0000] {logging_mixin.py:188} INFO - Lancement du traitement pour la date : 2025-07-05
[2025-07-05T07:52:21.703+0000] {logging_mixin.py:188} INFO - 0 verbatims trouvés pour la date : 2025-07-05
[2025-07-05T07:52:21.714+0000] {logging_mixin.py:188} INFO - 📡 Métriques poussées vers le PushGateway pour le job : verbatim_pipeline
[2025-07-05T07:52:21.715+0000] {python.py:237} INFO - Done. Returned value was: None
[2025-07-05T07:52:21.715+0000] {taskinstance.py:441} INFO - ::group::Post task execution logs
[2025-07-05T07:52:21.734+0000] {taskinstance.py:1206} INFO - Marking task as SUCCESS. dag_id=trustpilot_pipeline, task_id=analyze_and_insert, run_id=manual__2025-07-05T07:52:06.014348+00:00, execution_date=20250705T075206, start_date=20250705T075219, end_date=20250705T075221
[2025-07-05T07:52:21.798+0000] {local_task_job_runner.py:240} INFO - Task exited with return code 0
[2025-07-05T07:52:21.820+0000] {taskinstance.py:3498} INFO - 0 downstream tasks scheduled from follow-on schedule check
[2025-07-05T07:52:21.822+0000] {local_task_job_runner.py:222} INFO - ::endgroup::
