[2025-07-04T21:27:30.452+0000] {local_task_job_runner.py:120} INFO - ::group::Pre task execution logs
[2025-07-04T21:27:30.480+0000] {taskinstance.py:2076} INFO - Dependencies all met for dep_context=non-requeueable deps ti=<TaskInstance: trustpilot_pipeline.scrape_trustpilot_reviews manual__2025-07-04T21:19:35.730813+00:00 [queued]>
[2025-07-04T21:27:30.488+0000] {taskinstance.py:2076} INFO - Dependencies all met for dep_context=requeueable deps ti=<TaskInstance: trustpilot_pipeline.scrape_trustpilot_reviews manual__2025-07-04T21:19:35.730813+00:00 [queued]>
[2025-07-04T21:27:30.488+0000] {taskinstance.py:2306} INFO - Starting attempt 2 of 2
[2025-07-04T21:27:30.500+0000] {taskinstance.py:2330} INFO - Executing <Task(PythonOperator): scrape_trustpilot_reviews> on 2025-07-04 21:19:35.730813+00:00
[2025-07-04T21:27:30.507+0000] {standard_task_runner.py:63} INFO - Started process 206 to run task
[2025-07-04T21:27:30.510+0000] {standard_task_runner.py:90} INFO - Running: ['***', 'tasks', 'run', 'trustpilot_pipeline', 'scrape_trustpilot_reviews', 'manual__2025-07-04T21:19:35.730813+00:00', '--job-id', '14', '--raw', '--subdir', 'DAGS_FOLDER/trustpilot_dag.py', '--cfg-path', '/tmp/tmpgg4gm5fw']
[2025-07-04T21:27:30.512+0000] {standard_task_runner.py:91} INFO - Job 14: Subtask scrape_trustpilot_reviews
[2025-07-04T21:27:30.555+0000] {task_command.py:426} INFO - Running <TaskInstance: trustpilot_pipeline.scrape_trustpilot_reviews manual__2025-07-04T21:19:35.730813+00:00 [running]> on host 01e33636d149
[2025-07-04T21:27:30.638+0000] {taskinstance.py:2648} INFO - Exporting env vars: AIRFLOW_CTX_DAG_OWNER='***' AIRFLOW_CTX_DAG_ID='trustpilot_pipeline' AIRFLOW_CTX_TASK_ID='scrape_trustpilot_reviews' AIRFLOW_CTX_EXECUTION_DATE='2025-07-04T21:19:35.730813+00:00' AIRFLOW_CTX_TRY_NUMBER='2' AIRFLOW_CTX_DAG_RUN_ID='manual__2025-07-04T21:19:35.730813+00:00'
[2025-07-04T21:27:30.639+0000] {taskinstance.py:430} INFO - ::endgroup::
[2025-07-04T21:27:30.665+0000] {logging_mixin.py:188} INFO - ▶ Début du pipeline à 2025-07-04T21:27:30.665900
[2025-07-04T21:27:30.666+0000] {logging_mixin.py:188} INFO - ⚙️ Mode SCRAPER sélectionné : csv
[2025-07-04T21:27:30.666+0000] {logging_mixin.py:188} INFO - 📄 Lecture du fichier de test : /opt/***/data/verbatims_test.csv
[2025-07-04T21:27:30.666+0000] {logging_mixin.py:188} INFO - 🧼 Nettoyage des données...
[2025-07-04T21:27:30.686+0000] {taskinstance.py:441} INFO - ::group::Post task execution logs
[2025-07-04T21:27:30.686+0000] {taskinstance.py:2905} ERROR - Task failed with exception
Traceback (most recent call last):
  File "/home/airflow/.local/lib/python3.11/site-packages/airflow/models/taskinstance.py", line 465, in _execute_task
    result = _execute_callable(context=context, **execute_callable_kwargs)
             ^^^^^^^^^^^^^^^^^^^^^^^^^^^^^^^^^^^^^^^^^^^^^^^^^^^^^^^^^^^^^
  File "/home/airflow/.local/lib/python3.11/site-packages/airflow/models/taskinstance.py", line 432, in _execute_callable
    return execute_callable(context=context, **execute_callable_kwargs)
           ^^^^^^^^^^^^^^^^^^^^^^^^^^^^^^^^^^^^^^^^^^^^^^^^^^^^^^^^^^^^
  File "/home/airflow/.local/lib/python3.11/site-packages/airflow/models/baseoperator.py", line 400, in wrapper
    return func(self, *args, **kwargs)
           ^^^^^^^^^^^^^^^^^^^^^^^^^^^
  File "/home/airflow/.local/lib/python3.11/site-packages/airflow/operators/python.py", line 235, in execute
    return_value = self.execute_callable()
                   ^^^^^^^^^^^^^^^^^^^^^^^
  File "/home/airflow/.local/lib/python3.11/site-packages/airflow/operators/python.py", line 252, in execute_callable
    return self.python_callable(*self.op_args, **self.op_kwargs)
           ^^^^^^^^^^^^^^^^^^^^^^^^^^^^^^^^^^^^^^^^^^^^^^^^^^^^^
  File "/opt/airflow/project/scripts_data/main.py", line 67, in main
    clean_csv(input_file, output_file)
  File "/opt/airflow/project/scripts_data/cleaner.py", line 56, in clean_csv
    df.to_csv(output_file, index=False, encoding='utf-8')
  File "/home/airflow/.local/lib/python3.11/site-packages/pandas/core/generic.py", line 3902, in to_csv
    return DataFrameRenderer(formatter).to_csv(
           ^^^^^^^^^^^^^^^^^^^^^^^^^^^^^^^^^^^^
  File "/home/airflow/.local/lib/python3.11/site-packages/pandas/io/formats/format.py", line 1152, in to_csv
    csv_formatter.save()
  File "/home/airflow/.local/lib/python3.11/site-packages/pandas/io/formats/csvs.py", line 247, in save
    with get_handle(
         ^^^^^^^^^^^
  File "/home/airflow/.local/lib/python3.11/site-packages/pandas/io/common.py", line 863, in get_handle
    handle = open(
             ^^^^^
PermissionError: [Errno 13] Permission denied: '/opt/airflow/data/avis_nettoyes.csv'
[2025-07-04T21:27:30.700+0000] {taskinstance.py:1206} INFO - Marking task as FAILED. dag_id=trustpilot_pipeline, task_id=scrape_trustpilot_reviews, run_id=manual__2025-07-04T21:19:35.730813+00:00, execution_date=20250704T211935, start_date=20250704T212730, end_date=20250704T212730
[2025-07-04T21:27:30.715+0000] {standard_task_runner.py:110} ERROR - Failed to execute job 14 for task scrape_trustpilot_reviews ([Errno 13] Permission denied: '/opt/airflow/data/avis_nettoyes.csv'; 206)
[2025-07-04T21:27:30.762+0000] {local_task_job_runner.py:240} INFO - Task exited with return code 1
[2025-07-04T21:27:30.796+0000] {taskinstance.py:3498} INFO - 0 downstream tasks scheduled from follow-on schedule check
[2025-07-04T21:27:30.800+0000] {local_task_job_runner.py:222} INFO - ::endgroup::
