[2025-06-12T10:44:39.741+0000] {local_task_job_runner.py:120} INFO - ::group::Pre task execution logs
[2025-06-12T10:44:39.770+0000] {taskinstance.py:2076} INFO - Dependencies all met for dep_context=non-requeueable deps ti=<TaskInstance: trustpilot_pipeline.scrape_trustpilot_reviews manual__2025-06-12T10:44:38.007052+00:00 [queued]>
[2025-06-12T10:44:39.780+0000] {taskinstance.py:2076} INFO - Dependencies all met for dep_context=requeueable deps ti=<TaskInstance: trustpilot_pipeline.scrape_trustpilot_reviews manual__2025-06-12T10:44:38.007052+00:00 [queued]>
[2025-06-12T10:44:39.780+0000] {taskinstance.py:2306} INFO - Starting attempt 1 of 2
[2025-06-12T10:44:39.796+0000] {taskinstance.py:2330} INFO - Executing <Task(PythonOperator): scrape_trustpilot_reviews> on 2025-06-12 10:44:38.007052+00:00
[2025-06-12T10:44:39.802+0000] {standard_task_runner.py:63} INFO - Started process 435 to run task
[2025-06-12T10:44:39.807+0000] {standard_task_runner.py:90} INFO - Running: ['***', 'tasks', 'run', 'trustpilot_pipeline', 'scrape_trustpilot_reviews', 'manual__2025-06-12T10:44:38.007052+00:00', '--job-id', '14', '--raw', '--subdir', 'DAGS_FOLDER/trustpilot_dag.py', '--cfg-path', '/tmp/tmpolt2qqx5']
[2025-06-12T10:44:39.811+0000] {standard_task_runner.py:91} INFO - Job 14: Subtask scrape_trustpilot_reviews
[2025-06-12T10:44:39.831+0000] {logging_mixin.py:188} WARNING - /home/***/.local/lib/python3.11/site-packages/***/settings.py:195 DeprecationWarning: The sql_alchemy_conn option in [core] has been moved to the sql_alchemy_conn option in [database] - the old setting has been used, but please update your config.
[2025-06-12T10:44:39.871+0000] {task_command.py:426} INFO - Running <TaskInstance: trustpilot_pipeline.scrape_trustpilot_reviews manual__2025-06-12T10:44:38.007052+00:00 [running]> on host 76d17f364da3
[2025-06-12T10:44:39.980+0000] {taskinstance.py:2648} INFO - Exporting env vars: AIRFLOW_CTX_DAG_OWNER='***' AIRFLOW_CTX_DAG_ID='trustpilot_pipeline' AIRFLOW_CTX_TASK_ID='scrape_trustpilot_reviews' AIRFLOW_CTX_EXECUTION_DATE='2025-06-12T10:44:38.007052+00:00' AIRFLOW_CTX_TRY_NUMBER='1' AIRFLOW_CTX_DAG_RUN_ID='manual__2025-06-12T10:44:38.007052+00:00'
[2025-06-12T10:44:39.981+0000] {taskinstance.py:430} INFO - ::endgroup::
[2025-06-12T10:44:39.999+0000] {logging_mixin.py:188} INFO - Scraping : https://fr.trustpilot.com/review/www.leroymerlin.fr
[2025-06-12T10:44:42.350+0000] {logging_mixin.py:188} INFO - Scraping : https://fr.trustpilot.com/review/www.leroymerlin.fr?page=2
[2025-06-12T10:44:43.098+0000] {logging_mixin.py:188} INFO - Tous les avis restants datent de plus de 7 jours. Fin.
[2025-06-12T10:44:43.099+0000] {logging_mixin.py:188} INFO - Scraping terminé.
[2025-06-12T10:44:43.103+0000] {python.py:237} INFO - Done. Returned value was: None
[2025-06-12T10:44:43.104+0000] {taskinstance.py:441} INFO - ::group::Post task execution logs
[2025-06-12T10:44:43.116+0000] {taskinstance.py:1206} INFO - Marking task as SUCCESS. dag_id=trustpilot_pipeline, task_id=scrape_trustpilot_reviews, run_id=manual__2025-06-12T10:44:38.007052+00:00, execution_date=20250612T104438, start_date=20250612T104439, end_date=20250612T104443
[2025-06-12T10:44:43.144+0000] {local_task_job_runner.py:240} INFO - Task exited with return code 0
[2025-06-12T10:44:43.174+0000] {taskinstance.py:3498} INFO - 1 downstream tasks scheduled from follow-on schedule check
[2025-06-12T10:44:43.176+0000] {local_task_job_runner.py:222} INFO - ::endgroup::
