[2025-06-12T10:56:53.704+0000] {local_task_job_runner.py:120} INFO - ::group::Pre task execution logs
[2025-06-12T10:56:53.767+0000] {taskinstance.py:2076} INFO - Dependencies all met for dep_context=non-requeueable deps ti=<TaskInstance: trustpilot_pipeline.clean_reviews scheduled__2025-06-02T04:00:00+00:00 [queued]>
[2025-06-12T10:56:53.788+0000] {taskinstance.py:2076} INFO - Dependencies all met for dep_context=requeueable deps ti=<TaskInstance: trustpilot_pipeline.clean_reviews scheduled__2025-06-02T04:00:00+00:00 [queued]>
[2025-06-12T10:56:53.789+0000] {taskinstance.py:2306} INFO - Starting attempt 1 of 2
[2025-06-12T10:56:53.822+0000] {taskinstance.py:2330} INFO - Executing <Task(PythonOperator): clean_reviews> on 2025-06-02 04:00:00+00:00
[2025-06-12T10:56:53.837+0000] {standard_task_runner.py:63} INFO - Started process 594 to run task
[2025-06-12T10:56:53.843+0000] {standard_task_runner.py:90} INFO - Running: ['***', 'tasks', 'run', 'trustpilot_pipeline', 'clean_reviews', 'scheduled__2025-06-02T04:00:00+00:00', '--job-id', '21', '--raw', '--subdir', 'DAGS_FOLDER/trustpilot_dag.py', '--cfg-path', '/tmp/tmpiggr81tq']
[2025-06-12T10:56:53.850+0000] {standard_task_runner.py:91} INFO - Job 21: Subtask clean_reviews
[2025-06-12T10:56:53.874+0000] {logging_mixin.py:188} WARNING - /home/***/.local/lib/python3.11/site-packages/***/settings.py:195 DeprecationWarning: The sql_alchemy_conn option in [core] has been moved to the sql_alchemy_conn option in [database] - the old setting has been used, but please update your config.
[2025-06-12T10:56:53.926+0000] {task_command.py:426} INFO - Running <TaskInstance: trustpilot_pipeline.clean_reviews scheduled__2025-06-02T04:00:00+00:00 [running]> on host 76d17f364da3
[2025-06-12T10:56:54.040+0000] {taskinstance.py:2648} INFO - Exporting env vars: AIRFLOW_CTX_DAG_OWNER='***' AIRFLOW_CTX_DAG_ID='trustpilot_pipeline' AIRFLOW_CTX_TASK_ID='clean_reviews' AIRFLOW_CTX_EXECUTION_DATE='2025-06-02T04:00:00+00:00' AIRFLOW_CTX_TRY_NUMBER='1' AIRFLOW_CTX_DAG_RUN_ID='scheduled__2025-06-02T04:00:00+00:00'
[2025-06-12T10:56:54.044+0000] {taskinstance.py:430} INFO - ::endgroup::
[2025-06-12T10:56:54.083+0000] {logging_mixin.py:188} INFO - Fichier nettoyé sauvegardé dans data/avis_boutique_clean.csv
[2025-06-12T10:56:54.084+0000] {python.py:237} INFO - Done. Returned value was: None
[2025-06-12T10:56:54.084+0000] {taskinstance.py:441} INFO - ::group::Post task execution logs
[2025-06-12T10:56:54.096+0000] {taskinstance.py:1206} INFO - Marking task as SUCCESS. dag_id=trustpilot_pipeline, task_id=clean_reviews, run_id=scheduled__2025-06-02T04:00:00+00:00, execution_date=20250602T040000, start_date=20250612T105653, end_date=20250612T105654
[2025-06-12T10:56:54.145+0000] {local_task_job_runner.py:240} INFO - Task exited with return code 0
[2025-06-12T10:56:54.172+0000] {taskinstance.py:3498} INFO - 1 downstream tasks scheduled from follow-on schedule check
[2025-06-12T10:56:54.175+0000] {local_task_job_runner.py:222} INFO - ::endgroup::
[2025-06-12T12:13:30.531+0000] {local_task_job_runner.py:120} INFO - ::group::Pre task execution logs
[2025-06-12T12:13:30.560+0000] {taskinstance.py:2076} INFO - Dependencies all met for dep_context=non-requeueable deps ti=<TaskInstance: trustpilot_pipeline.clean_reviews scheduled__2025-06-02T04:00:00+00:00 [queued]>
[2025-06-12T12:13:30.570+0000] {taskinstance.py:2076} INFO - Dependencies all met for dep_context=requeueable deps ti=<TaskInstance: trustpilot_pipeline.clean_reviews scheduled__2025-06-02T04:00:00+00:00 [queued]>
[2025-06-12T12:13:30.570+0000] {taskinstance.py:2306} INFO - Starting attempt 1 of 2
[2025-06-12T12:13:30.584+0000] {taskinstance.py:2330} INFO - Executing <Task(PythonOperator): clean_reviews> on 2025-06-02 04:00:00+00:00
[2025-06-12T12:13:30.590+0000] {standard_task_runner.py:63} INFO - Started process 300 to run task
[2025-06-12T12:13:30.595+0000] {standard_task_runner.py:90} INFO - Running: ['***', 'tasks', 'run', 'trustpilot_pipeline', 'clean_reviews', 'scheduled__2025-06-02T04:00:00+00:00', '--job-id', '37', '--raw', '--subdir', 'DAGS_FOLDER/trustpilot_dag.py', '--cfg-path', '/tmp/tmp8vnjh4o9']
[2025-06-12T12:13:30.599+0000] {standard_task_runner.py:91} INFO - Job 37: Subtask clean_reviews
[2025-06-12T12:13:30.625+0000] {logging_mixin.py:188} WARNING - /home/***/.local/lib/python3.11/site-packages/***/settings.py:195 DeprecationWarning: The sql_alchemy_conn option in [core] has been moved to the sql_alchemy_conn option in [database] - the old setting has been used, but please update your config.
[2025-06-12T12:13:30.686+0000] {task_command.py:426} INFO - Running <TaskInstance: trustpilot_pipeline.clean_reviews scheduled__2025-06-02T04:00:00+00:00 [running]> on host 95e8ca9b6661
[2025-06-12T12:13:30.783+0000] {taskinstance.py:2648} INFO - Exporting env vars: AIRFLOW_CTX_DAG_OWNER='***' AIRFLOW_CTX_DAG_ID='trustpilot_pipeline' AIRFLOW_CTX_TASK_ID='clean_reviews' AIRFLOW_CTX_EXECUTION_DATE='2025-06-02T04:00:00+00:00' AIRFLOW_CTX_TRY_NUMBER='1' AIRFLOW_CTX_DAG_RUN_ID='scheduled__2025-06-02T04:00:00+00:00'
[2025-06-12T12:13:30.784+0000] {taskinstance.py:430} INFO - ::endgroup::
[2025-06-12T12:13:30.818+0000] {logging_mixin.py:188} INFO - Fichier nettoyé sauvegardé dans data/avis_boutique_clean.csv
[2025-06-12T12:13:30.818+0000] {python.py:237} INFO - Done. Returned value was: None
[2025-06-12T12:13:30.819+0000] {taskinstance.py:441} INFO - ::group::Post task execution logs
[2025-06-12T12:13:30.831+0000] {taskinstance.py:1206} INFO - Marking task as SUCCESS. dag_id=trustpilot_pipeline, task_id=clean_reviews, run_id=scheduled__2025-06-02T04:00:00+00:00, execution_date=20250602T040000, start_date=20250612T121330, end_date=20250612T121330
[2025-06-12T12:13:30.855+0000] {local_task_job_runner.py:240} INFO - Task exited with return code 0
[2025-06-12T12:13:30.886+0000] {taskinstance.py:3498} INFO - 1 downstream tasks scheduled from follow-on schedule check
[2025-06-12T12:13:30.889+0000] {local_task_job_runner.py:222} INFO - ::endgroup::
[2025-06-12T12:54:13.873+0000] {local_task_job_runner.py:120} INFO - ::group::Pre task execution logs
[2025-06-12T12:54:13.902+0000] {taskinstance.py:2076} INFO - Dependencies all met for dep_context=non-requeueable deps ti=<TaskInstance: trustpilot_pipeline.clean_reviews scheduled__2025-06-02T04:00:00+00:00 [queued]>
[2025-06-12T12:54:13.912+0000] {taskinstance.py:2076} INFO - Dependencies all met for dep_context=requeueable deps ti=<TaskInstance: trustpilot_pipeline.clean_reviews scheduled__2025-06-02T04:00:00+00:00 [queued]>
[2025-06-12T12:54:13.913+0000] {taskinstance.py:2306} INFO - Starting attempt 1 of 2
[2025-06-12T12:54:13.928+0000] {taskinstance.py:2330} INFO - Executing <Task(PythonOperator): clean_reviews> on 2025-06-02 04:00:00+00:00
[2025-06-12T12:54:13.934+0000] {standard_task_runner.py:63} INFO - Started process 802 to run task
[2025-06-12T12:54:13.939+0000] {standard_task_runner.py:90} INFO - Running: ['***', 'tasks', 'run', 'trustpilot_pipeline', 'clean_reviews', 'scheduled__2025-06-02T04:00:00+00:00', '--job-id', '46', '--raw', '--subdir', 'DAGS_FOLDER/trustpilot_dag.py', '--cfg-path', '/tmp/tmp36i6ryzj']
[2025-06-12T12:54:13.942+0000] {standard_task_runner.py:91} INFO - Job 46: Subtask clean_reviews
[2025-06-12T12:54:13.961+0000] {logging_mixin.py:188} WARNING - /home/***/.local/lib/python3.11/site-packages/***/settings.py:195 DeprecationWarning: The sql_alchemy_conn option in [core] has been moved to the sql_alchemy_conn option in [database] - the old setting has been used, but please update your config.
[2025-06-12T12:54:14.003+0000] {task_command.py:426} INFO - Running <TaskInstance: trustpilot_pipeline.clean_reviews scheduled__2025-06-02T04:00:00+00:00 [running]> on host 95e8ca9b6661
[2025-06-12T12:54:14.092+0000] {taskinstance.py:2648} INFO - Exporting env vars: AIRFLOW_CTX_DAG_OWNER='***' AIRFLOW_CTX_DAG_ID='trustpilot_pipeline' AIRFLOW_CTX_TASK_ID='clean_reviews' AIRFLOW_CTX_EXECUTION_DATE='2025-06-02T04:00:00+00:00' AIRFLOW_CTX_TRY_NUMBER='1' AIRFLOW_CTX_DAG_RUN_ID='scheduled__2025-06-02T04:00:00+00:00'
[2025-06-12T12:54:14.095+0000] {taskinstance.py:430} INFO - ::endgroup::
[2025-06-12T12:54:14.123+0000] {logging_mixin.py:188} INFO - Fichier nettoyé sauvegardé dans data/avis_boutique_clean.csv
[2025-06-12T12:54:14.124+0000] {python.py:237} INFO - Done. Returned value was: None
[2025-06-12T12:54:14.124+0000] {taskinstance.py:441} INFO - ::group::Post task execution logs
[2025-06-12T12:54:14.135+0000] {taskinstance.py:1206} INFO - Marking task as SUCCESS. dag_id=trustpilot_pipeline, task_id=clean_reviews, run_id=scheduled__2025-06-02T04:00:00+00:00, execution_date=20250602T040000, start_date=20250612T125413, end_date=20250612T125414
[2025-06-12T12:54:14.199+0000] {local_task_job_runner.py:240} INFO - Task exited with return code 0
[2025-06-12T12:54:14.213+0000] {local_task_job_runner.py:222} INFO - ::endgroup::
[2025-06-12T12:55:15.719+0000] {local_task_job_runner.py:120} INFO - ::group::Pre task execution logs
[2025-06-12T12:55:15.773+0000] {taskinstance.py:2076} INFO - Dependencies all met for dep_context=non-requeueable deps ti=<TaskInstance: trustpilot_pipeline.clean_reviews scheduled__2025-06-02T04:00:00+00:00 [queued]>
[2025-06-12T12:55:15.784+0000] {taskinstance.py:2076} INFO - Dependencies all met for dep_context=requeueable deps ti=<TaskInstance: trustpilot_pipeline.clean_reviews scheduled__2025-06-02T04:00:00+00:00 [queued]>
[2025-06-12T12:55:15.785+0000] {taskinstance.py:2306} INFO - Starting attempt 1 of 2
[2025-06-12T12:55:15.800+0000] {taskinstance.py:2330} INFO - Executing <Task(PythonOperator): clean_reviews> on 2025-06-02 04:00:00+00:00
[2025-06-12T12:55:15.807+0000] {standard_task_runner.py:63} INFO - Started process 823 to run task
[2025-06-12T12:55:15.812+0000] {standard_task_runner.py:90} INFO - Running: ['***', 'tasks', 'run', 'trustpilot_pipeline', 'clean_reviews', 'scheduled__2025-06-02T04:00:00+00:00', '--job-id', '49', '--raw', '--subdir', 'DAGS_FOLDER/trustpilot_dag.py', '--cfg-path', '/tmp/tmpe07i5g7d']
[2025-06-12T12:55:15.816+0000] {standard_task_runner.py:91} INFO - Job 49: Subtask clean_reviews
[2025-06-12T12:55:15.836+0000] {logging_mixin.py:188} WARNING - /home/***/.local/lib/python3.11/site-packages/***/settings.py:195 DeprecationWarning: The sql_alchemy_conn option in [core] has been moved to the sql_alchemy_conn option in [database] - the old setting has been used, but please update your config.
[2025-06-12T12:55:15.878+0000] {task_command.py:426} INFO - Running <TaskInstance: trustpilot_pipeline.clean_reviews scheduled__2025-06-02T04:00:00+00:00 [running]> on host 95e8ca9b6661
[2025-06-12T12:55:15.974+0000] {taskinstance.py:2648} INFO - Exporting env vars: AIRFLOW_CTX_DAG_OWNER='***' AIRFLOW_CTX_DAG_ID='trustpilot_pipeline' AIRFLOW_CTX_TASK_ID='clean_reviews' AIRFLOW_CTX_EXECUTION_DATE='2025-06-02T04:00:00+00:00' AIRFLOW_CTX_TRY_NUMBER='1' AIRFLOW_CTX_DAG_RUN_ID='scheduled__2025-06-02T04:00:00+00:00'
[2025-06-12T12:55:15.976+0000] {taskinstance.py:430} INFO - ::endgroup::
[2025-06-12T12:55:16.007+0000] {logging_mixin.py:188} INFO - Fichier nettoyé sauvegardé dans data/avis_boutique_clean.csv
[2025-06-12T12:55:16.007+0000] {python.py:237} INFO - Done. Returned value was: None
[2025-06-12T12:55:16.008+0000] {taskinstance.py:441} INFO - ::group::Post task execution logs
[2025-06-12T12:55:16.017+0000] {taskinstance.py:1206} INFO - Marking task as SUCCESS. dag_id=trustpilot_pipeline, task_id=clean_reviews, run_id=scheduled__2025-06-02T04:00:00+00:00, execution_date=20250602T040000, start_date=20250612T125515, end_date=20250612T125516
[2025-06-12T12:55:16.072+0000] {local_task_job_runner.py:240} INFO - Task exited with return code 0
[2025-06-12T12:55:16.101+0000] {taskinstance.py:3498} INFO - 0 downstream tasks scheduled from follow-on schedule check
[2025-06-12T12:55:16.105+0000] {local_task_job_runner.py:222} INFO - ::endgroup::
