[2025-06-12T10:56:55.846+0000] {local_task_job_runner.py:120} INFO - ::group::Pre task execution logs
[2025-06-12T10:56:55.878+0000] {taskinstance.py:2076} INFO - Dependencies all met for dep_context=non-requeueable deps ti=<TaskInstance: trustpilot_pipeline.analyze_and_insert scheduled__2025-06-02T04:00:00+00:00 [queued]>
[2025-06-12T10:56:55.888+0000] {taskinstance.py:2076} INFO - Dependencies all met for dep_context=requeueable deps ti=<TaskInstance: trustpilot_pipeline.analyze_and_insert scheduled__2025-06-02T04:00:00+00:00 [queued]>
[2025-06-12T10:56:55.888+0000] {taskinstance.py:2306} INFO - Starting attempt 1 of 2
[2025-06-12T10:56:55.903+0000] {taskinstance.py:2330} INFO - Executing <Task(PythonOperator): analyze_and_insert> on 2025-06-02 04:00:00+00:00
[2025-06-12T10:56:55.909+0000] {standard_task_runner.py:63} INFO - Started process 597 to run task
[2025-06-12T10:56:55.914+0000] {standard_task_runner.py:90} INFO - Running: ['***', 'tasks', 'run', 'trustpilot_pipeline', 'analyze_and_insert', 'scheduled__2025-06-02T04:00:00+00:00', '--job-id', '22', '--raw', '--subdir', 'DAGS_FOLDER/trustpilot_dag.py', '--cfg-path', '/tmp/tmp5pqt5zzb']
[2025-06-12T10:56:55.917+0000] {standard_task_runner.py:91} INFO - Job 22: Subtask analyze_and_insert
[2025-06-12T10:56:55.938+0000] {logging_mixin.py:188} WARNING - /home/***/.local/lib/python3.11/site-packages/***/settings.py:195 DeprecationWarning: The sql_alchemy_conn option in [core] has been moved to the sql_alchemy_conn option in [database] - the old setting has been used, but please update your config.
[2025-06-12T10:56:55.986+0000] {task_command.py:426} INFO - Running <TaskInstance: trustpilot_pipeline.analyze_and_insert scheduled__2025-06-02T04:00:00+00:00 [running]> on host 76d17f364da3
[2025-06-12T10:56:56.087+0000] {taskinstance.py:2648} INFO - Exporting env vars: AIRFLOW_CTX_DAG_OWNER='***' AIRFLOW_CTX_DAG_ID='trustpilot_pipeline' AIRFLOW_CTX_TASK_ID='analyze_and_insert' AIRFLOW_CTX_EXECUTION_DATE='2025-06-02T04:00:00+00:00' AIRFLOW_CTX_TRY_NUMBER='1' AIRFLOW_CTX_DAG_RUN_ID='scheduled__2025-06-02T04:00:00+00:00'
[2025-06-12T10:56:56.088+0000] {taskinstance.py:430} INFO - ::endgroup::
[2025-06-12T10:56:58.316+0000] {logging_mixin.py:188} INFO - 📅 0 verbatims trouvés pour la date : 2025-06-12
[2025-06-12T10:56:58.316+0000] {python.py:237} INFO - Done. Returned value was: None
[2025-06-12T10:56:58.317+0000] {taskinstance.py:441} INFO - ::group::Post task execution logs
[2025-06-12T10:56:58.344+0000] {taskinstance.py:1206} INFO - Marking task as SUCCESS. dag_id=trustpilot_pipeline, task_id=analyze_and_insert, run_id=scheduled__2025-06-02T04:00:00+00:00, execution_date=20250602T040000, start_date=20250612T105655, end_date=20250612T105658
[2025-06-12T10:56:58.389+0000] {local_task_job_runner.py:240} INFO - Task exited with return code 0
[2025-06-12T10:56:58.412+0000] {taskinstance.py:3498} INFO - 0 downstream tasks scheduled from follow-on schedule check
[2025-06-12T10:56:58.415+0000] {local_task_job_runner.py:222} INFO - ::endgroup::
[2025-06-12T12:13:32.346+0000] {local_task_job_runner.py:120} INFO - ::group::Pre task execution logs
[2025-06-12T12:13:32.379+0000] {taskinstance.py:2076} INFO - Dependencies all met for dep_context=non-requeueable deps ti=<TaskInstance: trustpilot_pipeline.analyze_and_insert scheduled__2025-06-02T04:00:00+00:00 [queued]>
[2025-06-12T12:13:32.390+0000] {taskinstance.py:2076} INFO - Dependencies all met for dep_context=requeueable deps ti=<TaskInstance: trustpilot_pipeline.analyze_and_insert scheduled__2025-06-02T04:00:00+00:00 [queued]>
[2025-06-12T12:13:32.391+0000] {taskinstance.py:2306} INFO - Starting attempt 1 of 2
[2025-06-12T12:13:32.409+0000] {taskinstance.py:2330} INFO - Executing <Task(PythonOperator): analyze_and_insert> on 2025-06-02 04:00:00+00:00
[2025-06-12T12:13:32.415+0000] {standard_task_runner.py:63} INFO - Started process 303 to run task
[2025-06-12T12:13:32.419+0000] {standard_task_runner.py:90} INFO - Running: ['***', 'tasks', 'run', 'trustpilot_pipeline', 'analyze_and_insert', 'scheduled__2025-06-02T04:00:00+00:00', '--job-id', '38', '--raw', '--subdir', 'DAGS_FOLDER/trustpilot_dag.py', '--cfg-path', '/tmp/tmpag65dm1f']
[2025-06-12T12:13:32.423+0000] {standard_task_runner.py:91} INFO - Job 38: Subtask analyze_and_insert
[2025-06-12T12:13:32.442+0000] {logging_mixin.py:188} WARNING - /home/***/.local/lib/python3.11/site-packages/***/settings.py:195 DeprecationWarning: The sql_alchemy_conn option in [core] has been moved to the sql_alchemy_conn option in [database] - the old setting has been used, but please update your config.
[2025-06-12T12:13:32.485+0000] {task_command.py:426} INFO - Running <TaskInstance: trustpilot_pipeline.analyze_and_insert scheduled__2025-06-02T04:00:00+00:00 [running]> on host 95e8ca9b6661
[2025-06-12T12:13:32.574+0000] {taskinstance.py:2648} INFO - Exporting env vars: AIRFLOW_CTX_DAG_OWNER='***' AIRFLOW_CTX_DAG_ID='trustpilot_pipeline' AIRFLOW_CTX_TASK_ID='analyze_and_insert' AIRFLOW_CTX_EXECUTION_DATE='2025-06-02T04:00:00+00:00' AIRFLOW_CTX_TRY_NUMBER='1' AIRFLOW_CTX_DAG_RUN_ID='scheduled__2025-06-02T04:00:00+00:00'
[2025-06-12T12:13:32.575+0000] {taskinstance.py:430} INFO - ::endgroup::
[2025-06-12T12:13:32.589+0000] {logging_mixin.py:188} INFO - 📆 Wrapper Analyse/Insert : scrape_date = 2025-06-02
[2025-06-12T12:13:32.590+0000] {logging_mixin.py:188} INFO - Lancement du traitement pour la date : 2025-06-02
[2025-06-12T12:13:34.982+0000] {logging_mixin.py:188} INFO - 📅 0 verbatims trouvés pour la date : 2025-06-02
[2025-06-12T12:13:34.983+0000] {python.py:237} INFO - Done. Returned value was: None
[2025-06-12T12:13:34.984+0000] {taskinstance.py:441} INFO - ::group::Post task execution logs
[2025-06-12T12:13:35.013+0000] {taskinstance.py:1206} INFO - Marking task as SUCCESS. dag_id=trustpilot_pipeline, task_id=analyze_and_insert, run_id=scheduled__2025-06-02T04:00:00+00:00, execution_date=20250602T040000, start_date=20250612T121332, end_date=20250612T121335
[2025-06-12T12:13:35.098+0000] {local_task_job_runner.py:240} INFO - Task exited with return code 0
[2025-06-12T12:13:35.120+0000] {taskinstance.py:3498} INFO - 0 downstream tasks scheduled from follow-on schedule check
[2025-06-12T12:13:35.123+0000] {local_task_job_runner.py:222} INFO - ::endgroup::
[2025-06-12T12:54:15.394+0000] {local_task_job_runner.py:120} INFO - ::group::Pre task execution logs
[2025-06-12T12:54:15.429+0000] {taskinstance.py:2076} INFO - Dependencies all met for dep_context=non-requeueable deps ti=<TaskInstance: trustpilot_pipeline.analyze_and_insert scheduled__2025-06-02T04:00:00+00:00 [queued]>
[2025-06-12T12:54:15.438+0000] {taskinstance.py:2076} INFO - Dependencies all met for dep_context=requeueable deps ti=<TaskInstance: trustpilot_pipeline.analyze_and_insert scheduled__2025-06-02T04:00:00+00:00 [queued]>
[2025-06-12T12:54:15.439+0000] {taskinstance.py:2306} INFO - Starting attempt 1 of 2
[2025-06-12T12:54:15.453+0000] {taskinstance.py:2330} INFO - Executing <Task(PythonOperator): analyze_and_insert> on 2025-06-02 04:00:00+00:00
[2025-06-12T12:54:15.459+0000] {standard_task_runner.py:63} INFO - Started process 805 to run task
[2025-06-12T12:54:15.464+0000] {standard_task_runner.py:90} INFO - Running: ['***', 'tasks', 'run', 'trustpilot_pipeline', 'analyze_and_insert', 'scheduled__2025-06-02T04:00:00+00:00', '--job-id', '47', '--raw', '--subdir', 'DAGS_FOLDER/trustpilot_dag.py', '--cfg-path', '/tmp/tmp4ptjpb95']
[2025-06-12T12:54:15.467+0000] {standard_task_runner.py:91} INFO - Job 47: Subtask analyze_and_insert
[2025-06-12T12:54:15.486+0000] {logging_mixin.py:188} WARNING - /home/***/.local/lib/python3.11/site-packages/***/settings.py:195 DeprecationWarning: The sql_alchemy_conn option in [core] has been moved to the sql_alchemy_conn option in [database] - the old setting has been used, but please update your config.
[2025-06-12T12:54:15.526+0000] {task_command.py:426} INFO - Running <TaskInstance: trustpilot_pipeline.analyze_and_insert scheduled__2025-06-02T04:00:00+00:00 [running]> on host 95e8ca9b6661
[2025-06-12T12:54:15.614+0000] {taskinstance.py:2648} INFO - Exporting env vars: AIRFLOW_CTX_DAG_OWNER='***' AIRFLOW_CTX_DAG_ID='trustpilot_pipeline' AIRFLOW_CTX_TASK_ID='analyze_and_insert' AIRFLOW_CTX_EXECUTION_DATE='2025-06-02T04:00:00+00:00' AIRFLOW_CTX_TRY_NUMBER='1' AIRFLOW_CTX_DAG_RUN_ID='scheduled__2025-06-02T04:00:00+00:00'
[2025-06-12T12:54:15.616+0000] {taskinstance.py:430} INFO - ::endgroup::
[2025-06-12T12:54:15.631+0000] {logging_mixin.py:188} INFO - 📆 Wrapper Analyse/Insert : scrape_date = 2025-06-02
[2025-06-12T12:54:15.631+0000] {logging_mixin.py:188} INFO - Lancement du traitement pour la date : 2025-06-02
[2025-06-12T12:54:17.668+0000] {logging_mixin.py:188} INFO - 📅 0 verbatims trouvés pour la date : 2025-06-02
[2025-06-12T12:54:17.669+0000] {python.py:237} INFO - Done. Returned value was: None
[2025-06-12T12:54:17.670+0000] {taskinstance.py:441} INFO - ::group::Post task execution logs
[2025-06-12T12:54:17.698+0000] {taskinstance.py:1206} INFO - Marking task as SUCCESS. dag_id=trustpilot_pipeline, task_id=analyze_and_insert, run_id=scheduled__2025-06-02T04:00:00+00:00, execution_date=20250602T040000, start_date=20250612T125415, end_date=20250612T125417
[2025-06-12T12:54:17.775+0000] {local_task_job_runner.py:240} INFO - Task exited with return code 0
[2025-06-12T12:54:17.803+0000] {taskinstance.py:3498} INFO - 0 downstream tasks scheduled from follow-on schedule check
[2025-06-12T12:54:17.807+0000] {local_task_job_runner.py:222} INFO - ::endgroup::
[2025-06-12T12:55:17.369+0000] {local_task_job_runner.py:120} INFO - ::group::Pre task execution logs
[2025-06-12T12:55:17.399+0000] {taskinstance.py:2076} INFO - Dependencies all met for dep_context=non-requeueable deps ti=<TaskInstance: trustpilot_pipeline.analyze_and_insert scheduled__2025-06-02T04:00:00+00:00 [queued]>
[2025-06-12T12:55:17.410+0000] {taskinstance.py:2076} INFO - Dependencies all met for dep_context=requeueable deps ti=<TaskInstance: trustpilot_pipeline.analyze_and_insert scheduled__2025-06-02T04:00:00+00:00 [queued]>
[2025-06-12T12:55:17.411+0000] {taskinstance.py:2306} INFO - Starting attempt 1 of 2
[2025-06-12T12:55:17.426+0000] {taskinstance.py:2330} INFO - Executing <Task(PythonOperator): analyze_and_insert> on 2025-06-02 04:00:00+00:00
[2025-06-12T12:55:17.432+0000] {standard_task_runner.py:63} INFO - Started process 826 to run task
[2025-06-12T12:55:17.436+0000] {standard_task_runner.py:90} INFO - Running: ['***', 'tasks', 'run', 'trustpilot_pipeline', 'analyze_and_insert', 'scheduled__2025-06-02T04:00:00+00:00', '--job-id', '50', '--raw', '--subdir', 'DAGS_FOLDER/trustpilot_dag.py', '--cfg-path', '/tmp/tmp_gf4htav']
[2025-06-12T12:55:17.440+0000] {standard_task_runner.py:91} INFO - Job 50: Subtask analyze_and_insert
[2025-06-12T12:55:17.460+0000] {logging_mixin.py:188} WARNING - /home/***/.local/lib/python3.11/site-packages/***/settings.py:195 DeprecationWarning: The sql_alchemy_conn option in [core] has been moved to the sql_alchemy_conn option in [database] - the old setting has been used, but please update your config.
[2025-06-12T12:55:17.500+0000] {task_command.py:426} INFO - Running <TaskInstance: trustpilot_pipeline.analyze_and_insert scheduled__2025-06-02T04:00:00+00:00 [running]> on host 95e8ca9b6661
[2025-06-12T12:55:17.599+0000] {taskinstance.py:2648} INFO - Exporting env vars: AIRFLOW_CTX_DAG_OWNER='***' AIRFLOW_CTX_DAG_ID='trustpilot_pipeline' AIRFLOW_CTX_TASK_ID='analyze_and_insert' AIRFLOW_CTX_EXECUTION_DATE='2025-06-02T04:00:00+00:00' AIRFLOW_CTX_TRY_NUMBER='1' AIRFLOW_CTX_DAG_RUN_ID='scheduled__2025-06-02T04:00:00+00:00'
[2025-06-12T12:55:17.600+0000] {taskinstance.py:430} INFO - ::endgroup::
[2025-06-12T12:55:17.615+0000] {logging_mixin.py:188} INFO - 📆 Wrapper Analyse/Insert : scrape_date = 2025-06-02
[2025-06-12T12:55:17.615+0000] {logging_mixin.py:188} INFO - Lancement du traitement pour la date : 2025-06-02
[2025-06-12T12:55:19.517+0000] {logging_mixin.py:188} INFO - 📅 0 verbatims trouvés pour la date : 2025-06-02
[2025-06-12T12:55:19.518+0000] {python.py:237} INFO - Done. Returned value was: None
[2025-06-12T12:55:19.519+0000] {taskinstance.py:441} INFO - ::group::Post task execution logs
[2025-06-12T12:55:19.541+0000] {taskinstance.py:1206} INFO - Marking task as SUCCESS. dag_id=trustpilot_pipeline, task_id=analyze_and_insert, run_id=scheduled__2025-06-02T04:00:00+00:00, execution_date=20250602T040000, start_date=20250612T125517, end_date=20250612T125519
[2025-06-12T12:55:19.583+0000] {local_task_job_runner.py:240} INFO - Task exited with return code 0
[2025-06-12T12:55:19.605+0000] {taskinstance.py:3498} INFO - 0 downstream tasks scheduled from follow-on schedule check
[2025-06-12T12:55:19.608+0000] {local_task_job_runner.py:222} INFO - ::endgroup::
