[2025-07-05T14:06:59.843+0000] {local_task_job_runner.py:120} INFO - ::group::Pre task execution logs
[2025-07-05T14:06:59.871+0000] {taskinstance.py:2076} INFO - Dependencies all met for dep_context=non-requeueable deps ti=<TaskInstance: trustpilot_pipeline.clean_reviews manual__2025-07-05T14:06:51.836146+00:00 [queued]>
[2025-07-05T14:06:59.879+0000] {taskinstance.py:2076} INFO - Dependencies all met for dep_context=requeueable deps ti=<TaskInstance: trustpilot_pipeline.clean_reviews manual__2025-07-05T14:06:51.836146+00:00 [queued]>
[2025-07-05T14:06:59.880+0000] {taskinstance.py:2306} INFO - Starting attempt 1 of 2
[2025-07-05T14:06:59.894+0000] {taskinstance.py:2330} INFO - Executing <Task(PythonOperator): clean_reviews> on 2025-07-05 14:06:51.836146+00:00
[2025-07-05T14:06:59.900+0000] {standard_task_runner.py:63} INFO - Started process 3459 to run task
[2025-07-05T14:06:59.904+0000] {standard_task_runner.py:90} INFO - Running: ['***', 'tasks', 'run', 'trustpilot_pipeline', 'clean_reviews', 'manual__2025-07-05T14:06:51.836146+00:00', '--job-id', '12', '--raw', '--subdir', 'DAGS_FOLDER/trustpilot_dag.py', '--cfg-path', '/tmp/tmpbofegdu2']
[2025-07-05T14:06:59.907+0000] {standard_task_runner.py:91} INFO - Job 12: Subtask clean_reviews
[2025-07-05T14:06:59.952+0000] {task_command.py:426} INFO - Running <TaskInstance: trustpilot_pipeline.clean_reviews manual__2025-07-05T14:06:51.836146+00:00 [running]> on host a4593353f44b
[2025-07-05T14:07:00.040+0000] {taskinstance.py:2648} INFO - Exporting env vars: AIRFLOW_CTX_DAG_OWNER='***' AIRFLOW_CTX_DAG_ID='trustpilot_pipeline' AIRFLOW_CTX_TASK_ID='clean_reviews' AIRFLOW_CTX_EXECUTION_DATE='2025-07-05T14:06:51.836146+00:00' AIRFLOW_CTX_TRY_NUMBER='1' AIRFLOW_CTX_DAG_RUN_ID='manual__2025-07-05T14:06:51.836146+00:00'
[2025-07-05T14:07:00.041+0000] {taskinstance.py:430} INFO - ::endgroup::
[2025-07-05T14:07:00.070+0000] {logging_mixin.py:188} INFO - Fichier nettoyé sauvegardé dans data/avis_nettoyes.csv
[2025-07-05T14:07:00.070+0000] {logging_mixin.py:188} INFO - 📂 INPUT_CSV = data/verbatims_test.csv
[2025-07-05T14:07:00.070+0000] {logging_mixin.py:188} INFO - 📂 OUTPUT_CSV = data/avis_nettoyes.csv
[2025-07-05T14:07:00.071+0000] {python.py:237} INFO - Done. Returned value was: None
[2025-07-05T14:07:00.071+0000] {taskinstance.py:441} INFO - ::group::Post task execution logs
[2025-07-05T14:07:00.080+0000] {taskinstance.py:1206} INFO - Marking task as SUCCESS. dag_id=trustpilot_pipeline, task_id=clean_reviews, run_id=manual__2025-07-05T14:06:51.836146+00:00, execution_date=20250705T140651, start_date=20250705T140659, end_date=20250705T140700
[2025-07-05T14:07:00.115+0000] {local_task_job_runner.py:240} INFO - Task exited with return code 0
[2025-07-05T14:07:00.138+0000] {taskinstance.py:3498} INFO - 1 downstream tasks scheduled from follow-on schedule check
[2025-07-05T14:07:00.140+0000] {local_task_job_runner.py:222} INFO - ::endgroup::
