[2025-07-05T00:03:42.068+0000] {local_task_job_runner.py:120} INFO - ::group::Pre task execution logs
[2025-07-05T00:03:42.094+0000] {taskinstance.py:2076} INFO - Dependencies all met for dep_context=non-requeueable deps ti=<TaskInstance: trustpilot_pipeline.scrape_trustpilot_reviews manual__2025-07-05T00:03:40.160093+00:00 [queued]>
[2025-07-05T00:03:42.101+0000] {taskinstance.py:2076} INFO - Dependencies all met for dep_context=requeueable deps ti=<TaskInstance: trustpilot_pipeline.scrape_trustpilot_reviews manual__2025-07-05T00:03:40.160093+00:00 [queued]>
[2025-07-05T00:03:42.101+0000] {taskinstance.py:2306} INFO - Starting attempt 1 of 2
[2025-07-05T00:03:42.111+0000] {taskinstance.py:2330} INFO - Executing <Task(PythonOperator): scrape_trustpilot_reviews> on 2025-07-05 00:03:40.160093+00:00
[2025-07-05T00:03:42.117+0000] {standard_task_runner.py:63} INFO - Started process 227 to run task
[2025-07-05T00:03:42.120+0000] {standard_task_runner.py:90} INFO - Running: ['***', 'tasks', 'run', 'trustpilot_pipeline', 'scrape_trustpilot_reviews', 'manual__2025-07-05T00:03:40.160093+00:00', '--job-id', '2', '--raw', '--subdir', 'DAGS_FOLDER/trustpilot_dag.py', '--cfg-path', '/tmp/tmp77m4wfo0']
[2025-07-05T00:03:42.123+0000] {standard_task_runner.py:91} INFO - Job 2: Subtask scrape_trustpilot_reviews
[2025-07-05T00:03:42.166+0000] {task_command.py:426} INFO - Running <TaskInstance: trustpilot_pipeline.scrape_trustpilot_reviews manual__2025-07-05T00:03:40.160093+00:00 [running]> on host 112ce0f24179
[2025-07-05T00:03:42.244+0000] {taskinstance.py:2648} INFO - Exporting env vars: AIRFLOW_CTX_DAG_OWNER='***' AIRFLOW_CTX_DAG_ID='trustpilot_pipeline' AIRFLOW_CTX_TASK_ID='scrape_trustpilot_reviews' AIRFLOW_CTX_EXECUTION_DATE='2025-07-05T00:03:40.160093+00:00' AIRFLOW_CTX_TRY_NUMBER='1' AIRFLOW_CTX_DAG_RUN_ID='manual__2025-07-05T00:03:40.160093+00:00'
[2025-07-05T00:03:42.245+0000] {taskinstance.py:430} INFO - ::endgroup::
[2025-07-05T00:03:42.273+0000] {logging_mixin.py:188} INFO - ▶ Début du pipeline à 2025-07-05T00:03:42.273406
[2025-07-05T00:03:42.273+0000] {logging_mixin.py:188} INFO - ⚙️ Mode SCRAPER sélectionné : csv
[2025-07-05T00:03:42.273+0000] {logging_mixin.py:188} INFO - 📄 Lecture du fichier de test : /opt/***/data/verbatims_test.csv
[2025-07-05T00:03:42.274+0000] {logging_mixin.py:188} INFO - 🧼 Nettoyage des données...
[2025-07-05T00:03:42.294+0000] {logging_mixin.py:188} INFO - Fichier nettoyé sauvegardé dans /opt/***/data/avis_nettoyes.csv
[2025-07-05T00:03:42.295+0000] {logging_mixin.py:188} INFO - 📤 Upload vers BigQuery...
[2025-07-05T00:03:46.439+0000] {logging_mixin.py:188} INFO - ✅ Données chargées dans la table temporaire trustpilot-satisfaction.reviews_dataset.temp_reviews.
[2025-07-05T00:03:48.805+0000] {logging_mixin.py:188} INFO - ✅ Données fusionnées dans la table trustpilot-satisfaction.reviews_dataset.reviews.
[2025-07-05T00:03:48.805+0000] {logging_mixin.py:188} INFO - ✅ Pipeline terminé avec succès.
[2025-07-05T00:03:48.806+0000] {python.py:237} INFO - Done. Returned value was: None
[2025-07-05T00:03:48.806+0000] {taskinstance.py:441} INFO - ::group::Post task execution logs
[2025-07-05T00:03:48.825+0000] {taskinstance.py:1206} INFO - Marking task as SUCCESS. dag_id=trustpilot_pipeline, task_id=scrape_trustpilot_reviews, run_id=manual__2025-07-05T00:03:40.160093+00:00, execution_date=20250705T000340, start_date=20250705T000342, end_date=20250705T000348
[2025-07-05T00:03:48.863+0000] {local_task_job_runner.py:240} INFO - Task exited with return code 0
[2025-07-05T00:03:48.891+0000] {taskinstance.py:3498} INFO - 0 downstream tasks scheduled from follow-on schedule check
[2025-07-05T00:03:48.894+0000] {local_task_job_runner.py:222} INFO - ::endgroup::
