[2025-07-04T17:47:36.008+0000] {local_task_job_runner.py:120} INFO - ::group::Pre task execution logs
[2025-07-04T17:47:36.037+0000] {taskinstance.py:2076} INFO - Dependencies all met for dep_context=non-requeueable deps ti=<TaskInstance: trustpilot_pipeline.scrape_trustpilot_reviews manual__2025-07-04T17:42:32.456651+00:00 [queued]>
[2025-07-04T17:47:36.045+0000] {taskinstance.py:2076} INFO - Dependencies all met for dep_context=requeueable deps ti=<TaskInstance: trustpilot_pipeline.scrape_trustpilot_reviews manual__2025-07-04T17:42:32.456651+00:00 [queued]>
[2025-07-04T17:47:36.046+0000] {taskinstance.py:2306} INFO - Starting attempt 2 of 2
[2025-07-04T17:47:36.057+0000] {taskinstance.py:2330} INFO - Executing <Task(PythonOperator): scrape_trustpilot_reviews> on 2025-07-04 17:42:32.456651+00:00
[2025-07-04T17:47:36.065+0000] {standard_task_runner.py:63} INFO - Started process 631 to run task
[2025-07-04T17:47:36.068+0000] {standard_task_runner.py:90} INFO - Running: ['***', 'tasks', 'run', 'trustpilot_pipeline', 'scrape_trustpilot_reviews', 'manual__2025-07-04T17:42:32.456651+00:00', '--job-id', '9', '--raw', '--subdir', 'DAGS_FOLDER/trustpilot_dag.py', '--cfg-path', '/tmp/tmpuwsfb94n']
[2025-07-04T17:47:36.071+0000] {standard_task_runner.py:91} INFO - Job 9: Subtask scrape_trustpilot_reviews
[2025-07-04T17:47:36.116+0000] {task_command.py:426} INFO - Running <TaskInstance: trustpilot_pipeline.scrape_trustpilot_reviews manual__2025-07-04T17:42:32.456651+00:00 [running]> on host b58886cb315d
[2025-07-04T17:47:36.200+0000] {taskinstance.py:2648} INFO - Exporting env vars: AIRFLOW_CTX_DAG_OWNER='***' AIRFLOW_CTX_DAG_ID='trustpilot_pipeline' AIRFLOW_CTX_TASK_ID='scrape_trustpilot_reviews' AIRFLOW_CTX_EXECUTION_DATE='2025-07-04T17:42:32.456651+00:00' AIRFLOW_CTX_TRY_NUMBER='2' AIRFLOW_CTX_DAG_RUN_ID='manual__2025-07-04T17:42:32.456651+00:00'
[2025-07-04T17:47:36.201+0000] {taskinstance.py:430} INFO - ::endgroup::
[2025-07-04T17:47:36.213+0000] {logging_mixin.py:188} INFO - ▶ Début du scraping à 2025-07-04T17:47:36.213256
[2025-07-04T17:47:36.213+0000] {logging_mixin.py:188} INFO - ✅ Mode CSV local activé : copie du fichier de test
[2025-07-04T17:47:36.213+0000] {taskinstance.py:441} INFO - ::group::Post task execution logs
[2025-07-04T17:47:36.214+0000] {taskinstance.py:2905} ERROR - Task failed with exception
Traceback (most recent call last):
  File "/home/airflow/.local/lib/python3.11/site-packages/airflow/models/taskinstance.py", line 465, in _execute_task
    result = _execute_callable(context=context, **execute_callable_kwargs)
             ^^^^^^^^^^^^^^^^^^^^^^^^^^^^^^^^^^^^^^^^^^^^^^^^^^^^^^^^^^^^^
  File "/home/airflow/.local/lib/python3.11/site-packages/airflow/models/taskinstance.py", line 432, in _execute_callable
    return execute_callable(context=context, **execute_callable_kwargs)
           ^^^^^^^^^^^^^^^^^^^^^^^^^^^^^^^^^^^^^^^^^^^^^^^^^^^^^^^^^^^^
  File "/home/airflow/.local/lib/python3.11/site-packages/airflow/models/baseoperator.py", line 400, in wrapper
    return func(self, *args, **kwargs)
           ^^^^^^^^^^^^^^^^^^^^^^^^^^^
  File "/home/airflow/.local/lib/python3.11/site-packages/airflow/operators/python.py", line 235, in execute
    return_value = self.execute_callable()
                   ^^^^^^^^^^^^^^^^^^^^^^^
  File "/home/airflow/.local/lib/python3.11/site-packages/airflow/operators/python.py", line 252, in execute_callable
    return self.python_callable(*self.op_args, **self.op_kwargs)
           ^^^^^^^^^^^^^^^^^^^^^^^^^^^^^^^^^^^^^^^^^^^^^^^^^^^^^
  File "/opt/airflow/project/scripts_data/main.py", line 50, in main
    scrape_reviews(mode='csv')  # stocke dans data/avis_boutique.csv
    ^^^^^^^^^^^^^^^^^^^^^^^^^^
  File "/opt/airflow/project/scripts_data/scraper.py", line 36, in scrape_reviews
    shutil.copy(src, dest)
  File "/usr/local/lib/python3.11/shutil.py", line 431, in copy
    copyfile(src, dst, follow_symlinks=follow_symlinks)
  File "/usr/local/lib/python3.11/shutil.py", line 258, in copyfile
    with open(dst, 'wb') as fdst:
         ^^^^^^^^^^^^^^^
PermissionError: [Errno 13] Permission denied: '/opt/airflow/project/data/avis_boutique.csv'
[2025-07-04T17:47:36.223+0000] {taskinstance.py:1206} INFO - Marking task as FAILED. dag_id=trustpilot_pipeline, task_id=scrape_trustpilot_reviews, run_id=manual__2025-07-04T17:42:32.456651+00:00, execution_date=20250704T174232, start_date=20250704T174736, end_date=20250704T174736
[2025-07-04T17:47:36.233+0000] {standard_task_runner.py:110} ERROR - Failed to execute job 9 for task scrape_trustpilot_reviews ([Errno 13] Permission denied: '/opt/airflow/project/data/avis_boutique.csv'; 631)
[2025-07-04T17:47:36.280+0000] {local_task_job_runner.py:240} INFO - Task exited with return code 1
[2025-07-04T17:47:36.321+0000] {taskinstance.py:3498} INFO - 0 downstream tasks scheduled from follow-on schedule check
[2025-07-04T17:47:36.327+0000] {local_task_job_runner.py:222} INFO - ::endgroup::
