[2025-06-12T12:09:17.102+0000] {local_task_job_runner.py:120} INFO - ::group::Pre task execution logs
[2025-06-12T12:09:17.131+0000] {taskinstance.py:2076} INFO - Dependencies all met for dep_context=non-requeueable deps ti=<TaskInstance: trustpilot_pipeline.analyze_and_insert manual__2025-06-12T12:08:58.434554+00:00 [queued]>
[2025-06-12T12:09:17.140+0000] {taskinstance.py:2076} INFO - Dependencies all met for dep_context=requeueable deps ti=<TaskInstance: trustpilot_pipeline.analyze_and_insert manual__2025-06-12T12:08:58.434554+00:00 [queued]>
[2025-06-12T12:09:17.141+0000] {taskinstance.py:2306} INFO - Starting attempt 1 of 2
[2025-06-12T12:09:17.155+0000] {taskinstance.py:2330} INFO - Executing <Task(PythonOperator): analyze_and_insert> on 2025-06-12 12:08:58.434554+00:00
[2025-06-12T12:09:17.161+0000] {standard_task_runner.py:63} INFO - Started process 237 to run task
[2025-06-12T12:09:17.166+0000] {standard_task_runner.py:90} INFO - Running: ['***', 'tasks', 'run', 'trustpilot_pipeline', 'analyze_and_insert', 'manual__2025-06-12T12:08:58.434554+00:00', '--job-id', '32', '--raw', '--subdir', 'DAGS_FOLDER/trustpilot_dag.py', '--cfg-path', '/tmp/tmpbgfmh9y4']
[2025-06-12T12:09:17.170+0000] {standard_task_runner.py:91} INFO - Job 32: Subtask analyze_and_insert
[2025-06-12T12:09:17.188+0000] {logging_mixin.py:188} WARNING - /home/***/.local/lib/python3.11/site-packages/***/settings.py:195 DeprecationWarning: The sql_alchemy_conn option in [core] has been moved to the sql_alchemy_conn option in [database] - the old setting has been used, but please update your config.
[2025-06-12T12:09:17.226+0000] {task_command.py:426} INFO - Running <TaskInstance: trustpilot_pipeline.analyze_and_insert manual__2025-06-12T12:08:58.434554+00:00 [running]> on host 95e8ca9b6661
[2025-06-12T12:09:17.344+0000] {taskinstance.py:2648} INFO - Exporting env vars: AIRFLOW_CTX_DAG_OWNER='***' AIRFLOW_CTX_DAG_ID='trustpilot_pipeline' AIRFLOW_CTX_TASK_ID='analyze_and_insert' AIRFLOW_CTX_EXECUTION_DATE='2025-06-12T12:08:58.434554+00:00' AIRFLOW_CTX_TRY_NUMBER='1' AIRFLOW_CTX_DAG_RUN_ID='manual__2025-06-12T12:08:58.434554+00:00'
[2025-06-12T12:09:17.347+0000] {taskinstance.py:430} INFO - ::endgroup::
[2025-06-12T12:09:17.372+0000] {logging_mixin.py:188} INFO - 📆 Wrapper Analyse/Insert : scrape_date = 2025-06-12
[2025-06-12T12:09:17.372+0000] {logging_mixin.py:188} INFO - Lancement du traitement pour la date : 2025-06-12
[2025-06-12T12:09:19.919+0000] {logging_mixin.py:188} INFO - 📅 0 verbatims trouvés pour la date : 2025-06-12
[2025-06-12T12:09:19.920+0000] {python.py:237} INFO - Done. Returned value was: None
[2025-06-12T12:09:19.921+0000] {taskinstance.py:441} INFO - ::group::Post task execution logs
[2025-06-12T12:09:19.956+0000] {taskinstance.py:1206} INFO - Marking task as SUCCESS. dag_id=trustpilot_pipeline, task_id=analyze_and_insert, run_id=manual__2025-06-12T12:08:58.434554+00:00, execution_date=20250612T120858, start_date=20250612T120917, end_date=20250612T120919
[2025-06-12T12:09:20.009+0000] {local_task_job_runner.py:240} INFO - Task exited with return code 0
[2025-06-12T12:09:20.030+0000] {taskinstance.py:3498} INFO - 0 downstream tasks scheduled from follow-on schedule check
[2025-06-12T12:09:20.033+0000] {local_task_job_runner.py:222} INFO - ::endgroup::
