[2025-06-12T10:12:53.427+0000] {local_task_job_runner.py:120} INFO - ::group::Pre task execution logs
[2025-06-12T10:12:53.458+0000] {taskinstance.py:2076} INFO - Dependencies all met for dep_context=non-requeueable deps ti=<TaskInstance: trustpilot_pipeline.scrape_trustpilot_reviews manual__2025-06-12T10:12:50.945648+00:00 [queued]>
[2025-06-12T10:12:53.467+0000] {taskinstance.py:2076} INFO - Dependencies all met for dep_context=requeueable deps ti=<TaskInstance: trustpilot_pipeline.scrape_trustpilot_reviews manual__2025-06-12T10:12:50.945648+00:00 [queued]>
[2025-06-12T10:12:53.468+0000] {taskinstance.py:2306} INFO - Starting attempt 1 of 2
[2025-06-12T10:12:53.483+0000] {taskinstance.py:2330} INFO - Executing <Task(PythonOperator): scrape_trustpilot_reviews> on 2025-06-12 10:12:50.945648+00:00
[2025-06-12T10:12:53.490+0000] {standard_task_runner.py:63} INFO - Started process 369 to run task
[2025-06-12T10:12:53.495+0000] {standard_task_runner.py:90} INFO - Running: ['***', 'tasks', 'run', 'trustpilot_pipeline', 'scrape_trustpilot_reviews', 'manual__2025-06-12T10:12:50.945648+00:00', '--job-id', '9', '--raw', '--subdir', 'DAGS_FOLDER/trustpilot_dag.py', '--cfg-path', '/tmp/tmp0xmvzpn6']
[2025-06-12T10:12:53.498+0000] {standard_task_runner.py:91} INFO - Job 9: Subtask scrape_trustpilot_reviews
[2025-06-12T10:12:53.517+0000] {logging_mixin.py:188} WARNING - /home/***/.local/lib/python3.11/site-packages/***/settings.py:195 DeprecationWarning: The sql_alchemy_conn option in [core] has been moved to the sql_alchemy_conn option in [database] - the old setting has been used, but please update your config.
[2025-06-12T10:12:53.554+0000] {task_command.py:426} INFO - Running <TaskInstance: trustpilot_pipeline.scrape_trustpilot_reviews manual__2025-06-12T10:12:50.945648+00:00 [running]> on host a6f727a3bb68
[2025-06-12T10:12:53.657+0000] {taskinstance.py:2648} INFO - Exporting env vars: AIRFLOW_CTX_DAG_OWNER='***' AIRFLOW_CTX_DAG_ID='trustpilot_pipeline' AIRFLOW_CTX_TASK_ID='scrape_trustpilot_reviews' AIRFLOW_CTX_EXECUTION_DATE='2025-06-12T10:12:50.945648+00:00' AIRFLOW_CTX_TRY_NUMBER='1' AIRFLOW_CTX_DAG_RUN_ID='manual__2025-06-12T10:12:50.945648+00:00'
[2025-06-12T10:12:53.658+0000] {taskinstance.py:430} INFO - ::endgroup::
[2025-06-12T10:12:53.673+0000] {taskinstance.py:441} INFO - ::group::Post task execution logs
[2025-06-12T10:12:53.674+0000] {taskinstance.py:2905} ERROR - Task failed with exception
Traceback (most recent call last):
  File "/home/airflow/.local/lib/python3.11/site-packages/airflow/models/taskinstance.py", line 465, in _execute_task
    result = _execute_callable(context=context, **execute_callable_kwargs)
             ^^^^^^^^^^^^^^^^^^^^^^^^^^^^^^^^^^^^^^^^^^^^^^^^^^^^^^^^^^^^^
  File "/home/airflow/.local/lib/python3.11/site-packages/airflow/models/taskinstance.py", line 432, in _execute_callable
    return execute_callable(context=context, **execute_callable_kwargs)
           ^^^^^^^^^^^^^^^^^^^^^^^^^^^^^^^^^^^^^^^^^^^^^^^^^^^^^^^^^^^^
  File "/home/airflow/.local/lib/python3.11/site-packages/airflow/models/baseoperator.py", line 400, in wrapper
    return func(self, *args, **kwargs)
           ^^^^^^^^^^^^^^^^^^^^^^^^^^^
  File "/home/airflow/.local/lib/python3.11/site-packages/airflow/operators/python.py", line 235, in execute
    return_value = self.execute_callable()
                   ^^^^^^^^^^^^^^^^^^^^^^^
  File "/home/airflow/.local/lib/python3.11/site-packages/airflow/operators/python.py", line 252, in execute_callable
    return self.python_callable(*self.op_args, **self.op_kwargs)
           ^^^^^^^^^^^^^^^^^^^^^^^^^^^^^^^^^^^^^^^^^^^^^^^^^^^^^
  File "/opt/airflow/project/scripts_data/scraper.py", line 129, in run_scraper
    scrape_reviews(
TypeError: scrape_reviews() got an unexpected keyword argument 'url'
[2025-06-12T10:12:53.685+0000] {taskinstance.py:1206} INFO - Marking task as UP_FOR_RETRY. dag_id=trustpilot_pipeline, task_id=scrape_trustpilot_reviews, run_id=manual__2025-06-12T10:12:50.945648+00:00, execution_date=20250612T101250, start_date=20250612T101253, end_date=20250612T101253
[2025-06-12T10:12:53.698+0000] {standard_task_runner.py:110} ERROR - Failed to execute job 9 for task scrape_trustpilot_reviews (scrape_reviews() got an unexpected keyword argument 'url'; 369)
[2025-06-12T10:12:53.715+0000] {local_task_job_runner.py:240} INFO - Task exited with return code 1
[2025-06-12T10:12:53.744+0000] {taskinstance.py:3498} INFO - 0 downstream tasks scheduled from follow-on schedule check
[2025-06-12T10:12:53.746+0000] {local_task_job_runner.py:222} INFO - ::endgroup::
