[2025-06-21T16:49:36.976+0000] {local_task_job_runner.py:120} INFO - ::group::Pre task execution logs
[2025-06-21T16:49:37.011+0000] {taskinstance.py:2076} INFO - Dependencies all met for dep_context=non-requeueable deps ti=<TaskInstance: trustpilot_pipeline.clean_reviews scheduled__2025-06-09T04:00:00+00:00 [queued]>
[2025-06-21T16:49:37.020+0000] {taskinstance.py:2076} INFO - Dependencies all met for dep_context=requeueable deps ti=<TaskInstance: trustpilot_pipeline.clean_reviews scheduled__2025-06-09T04:00:00+00:00 [queued]>
[2025-06-21T16:49:37.021+0000] {taskinstance.py:2306} INFO - Starting attempt 1 of 2
[2025-06-21T16:49:37.035+0000] {taskinstance.py:2330} INFO - Executing <Task(PythonOperator): clean_reviews> on 2025-06-09 04:00:00+00:00
[2025-06-21T16:49:37.043+0000] {standard_task_runner.py:63} INFO - Started process 261 to run task
[2025-06-21T16:49:37.047+0000] {standard_task_runner.py:90} INFO - Running: ['***', 'tasks', 'run', 'trustpilot_pipeline', 'clean_reviews', 'scheduled__2025-06-09T04:00:00+00:00', '--job-id', '3', '--raw', '--subdir', 'DAGS_FOLDER/trustpilot_dag.py', '--cfg-path', '/tmp/tmp9xlysyui']
[2025-06-21T16:49:37.049+0000] {standard_task_runner.py:91} INFO - Job 3: Subtask clean_reviews
[2025-06-21T16:49:37.065+0000] {logging_mixin.py:188} WARNING - /home/***/.local/lib/python3.11/site-packages/***/settings.py:195 DeprecationWarning: The sql_alchemy_conn option in [core] has been moved to the sql_alchemy_conn option in [database] - the old setting has been used, but please update your config.
[2025-06-21T16:49:37.100+0000] {task_command.py:426} INFO - Running <TaskInstance: trustpilot_pipeline.clean_reviews scheduled__2025-06-09T04:00:00+00:00 [running]> on host 37d52fe92b1c
[2025-06-21T16:49:37.181+0000] {taskinstance.py:2648} INFO - Exporting env vars: AIRFLOW_CTX_DAG_OWNER='***' AIRFLOW_CTX_DAG_ID='trustpilot_pipeline' AIRFLOW_CTX_TASK_ID='clean_reviews' AIRFLOW_CTX_EXECUTION_DATE='2025-06-09T04:00:00+00:00' AIRFLOW_CTX_TRY_NUMBER='1' AIRFLOW_CTX_DAG_RUN_ID='scheduled__2025-06-09T04:00:00+00:00'
[2025-06-21T16:49:37.182+0000] {taskinstance.py:430} INFO - ::endgroup::
[2025-06-21T16:49:37.207+0000] {logging_mixin.py:188} INFO - Fichier nettoyé sauvegardé dans data/avis_boutique_clean.csv
[2025-06-21T16:49:37.207+0000] {python.py:237} INFO - Done. Returned value was: None
[2025-06-21T16:49:37.207+0000] {taskinstance.py:441} INFO - ::group::Post task execution logs
[2025-06-21T16:49:37.216+0000] {taskinstance.py:1206} INFO - Marking task as SUCCESS. dag_id=trustpilot_pipeline, task_id=clean_reviews, run_id=scheduled__2025-06-09T04:00:00+00:00, execution_date=20250609T040000, start_date=20250621T164937, end_date=20250621T164937
[2025-06-21T16:49:37.259+0000] {local_task_job_runner.py:240} INFO - Task exited with return code 0
[2025-06-21T16:49:37.283+0000] {taskinstance.py:3498} INFO - 1 downstream tasks scheduled from follow-on schedule check
[2025-06-21T16:49:37.285+0000] {local_task_job_runner.py:222} INFO - ::endgroup::
[2025-06-21T17:00:43.579+0000] {local_task_job_runner.py:120} INFO - ::group::Pre task execution logs
[2025-06-21T17:00:43.609+0000] {taskinstance.py:2076} INFO - Dependencies all met for dep_context=non-requeueable deps ti=<TaskInstance: trustpilot_pipeline.clean_reviews scheduled__2025-06-09T04:00:00+00:00 [queued]>
[2025-06-21T17:00:43.616+0000] {taskinstance.py:2076} INFO - Dependencies all met for dep_context=requeueable deps ti=<TaskInstance: trustpilot_pipeline.clean_reviews scheduled__2025-06-09T04:00:00+00:00 [queued]>
[2025-06-21T17:00:43.617+0000] {taskinstance.py:2306} INFO - Starting attempt 1 of 2
[2025-06-21T17:00:43.627+0000] {taskinstance.py:2330} INFO - Executing <Task(PythonOperator): clean_reviews> on 2025-06-09 04:00:00+00:00
[2025-06-21T17:00:43.634+0000] {standard_task_runner.py:63} INFO - Started process 231 to run task
[2025-06-21T17:00:43.637+0000] {standard_task_runner.py:90} INFO - Running: ['***', 'tasks', 'run', 'trustpilot_pipeline', 'clean_reviews', 'scheduled__2025-06-09T04:00:00+00:00', '--job-id', '5', '--raw', '--subdir', 'DAGS_FOLDER/trustpilot_dag.py', '--cfg-path', '/tmp/tmpu4rulftu']
[2025-06-21T17:00:43.640+0000] {standard_task_runner.py:91} INFO - Job 5: Subtask clean_reviews
[2025-06-21T17:00:43.655+0000] {logging_mixin.py:188} WARNING - /home/***/.local/lib/python3.11/site-packages/***/settings.py:195 DeprecationWarning: The sql_alchemy_conn option in [core] has been moved to the sql_alchemy_conn option in [database] - the old setting has been used, but please update your config.
[2025-06-21T17:00:43.690+0000] {task_command.py:426} INFO - Running <TaskInstance: trustpilot_pipeline.clean_reviews scheduled__2025-06-09T04:00:00+00:00 [running]> on host 92146c76f2b4
[2025-06-21T17:00:43.771+0000] {taskinstance.py:2648} INFO - Exporting env vars: AIRFLOW_CTX_DAG_OWNER='***' AIRFLOW_CTX_DAG_ID='trustpilot_pipeline' AIRFLOW_CTX_TASK_ID='clean_reviews' AIRFLOW_CTX_EXECUTION_DATE='2025-06-09T04:00:00+00:00' AIRFLOW_CTX_TRY_NUMBER='1' AIRFLOW_CTX_DAG_RUN_ID='scheduled__2025-06-09T04:00:00+00:00'
[2025-06-21T17:00:43.772+0000] {taskinstance.py:430} INFO - ::endgroup::
[2025-06-21T17:00:43.798+0000] {logging_mixin.py:188} INFO - Fichier nettoyé sauvegardé dans data/avis_boutique_clean.csv
[2025-06-21T17:00:43.799+0000] {python.py:237} INFO - Done. Returned value was: None
[2025-06-21T17:00:43.799+0000] {taskinstance.py:441} INFO - ::group::Post task execution logs
[2025-06-21T17:00:43.808+0000] {taskinstance.py:1206} INFO - Marking task as SUCCESS. dag_id=trustpilot_pipeline, task_id=clean_reviews, run_id=scheduled__2025-06-09T04:00:00+00:00, execution_date=20250609T040000, start_date=20250621T170043, end_date=20250621T170043
[2025-06-21T17:00:43.849+0000] {local_task_job_runner.py:240} INFO - Task exited with return code 0
[2025-06-21T17:00:43.872+0000] {taskinstance.py:3498} INFO - 1 downstream tasks scheduled from follow-on schedule check
[2025-06-21T17:00:43.873+0000] {local_task_job_runner.py:222} INFO - ::endgroup::
