[2025-07-09T08:06:43.741+0000] {local_task_job_runner.py:120} INFO - ::group::Pre task execution logs
[2025-07-09T08:06:43.768+0000] {taskinstance.py:2076} INFO - Dependencies all met for dep_context=non-requeueable deps ti=<TaskInstance: trustpilot_pipeline.clean_reviews manual__2025-07-09T08:06:34.380078+00:00 [queued]>
[2025-07-09T08:06:43.777+0000] {taskinstance.py:2076} INFO - Dependencies all met for dep_context=requeueable deps ti=<TaskInstance: trustpilot_pipeline.clean_reviews manual__2025-07-09T08:06:34.380078+00:00 [queued]>
[2025-07-09T08:06:43.777+0000] {taskinstance.py:2306} INFO - Starting attempt 1 of 2
[2025-07-09T08:06:43.791+0000] {taskinstance.py:2330} INFO - Executing <Task(PythonOperator): clean_reviews> on 2025-07-09 08:06:34.380078+00:00
[2025-07-09T08:06:43.800+0000] {standard_task_runner.py:63} INFO - Started process 305 to run task
[2025-07-09T08:06:43.803+0000] {standard_task_runner.py:90} INFO - Running: ['***', 'tasks', 'run', 'trustpilot_pipeline', 'clean_reviews', 'manual__2025-07-09T08:06:34.380078+00:00', '--job-id', '23', '--raw', '--subdir', 'DAGS_FOLDER/trustpilot_dag.py', '--cfg-path', '/tmp/tmpxfuu4sdp']
[2025-07-09T08:06:43.806+0000] {standard_task_runner.py:91} INFO - Job 23: Subtask clean_reviews
[2025-07-09T08:06:43.852+0000] {task_command.py:426} INFO - Running <TaskInstance: trustpilot_pipeline.clean_reviews manual__2025-07-09T08:06:34.380078+00:00 [running]> on host 667330de9e40
[2025-07-09T08:06:43.934+0000] {taskinstance.py:2648} INFO - Exporting env vars: AIRFLOW_CTX_DAG_OWNER='***' AIRFLOW_CTX_DAG_ID='trustpilot_pipeline' AIRFLOW_CTX_TASK_ID='clean_reviews' AIRFLOW_CTX_EXECUTION_DATE='2025-07-09T08:06:34.380078+00:00' AIRFLOW_CTX_TRY_NUMBER='1' AIRFLOW_CTX_DAG_RUN_ID='manual__2025-07-09T08:06:34.380078+00:00'
[2025-07-09T08:06:43.935+0000] {taskinstance.py:430} INFO - ::endgroup::
[2025-07-09T08:06:43.949+0000] {taskinstance.py:441} INFO - ::group::Post task execution logs
[2025-07-09T08:06:43.949+0000] {taskinstance.py:2905} ERROR - Task failed with exception
Traceback (most recent call last):
  File "/home/airflow/.local/lib/python3.11/site-packages/airflow/models/taskinstance.py", line 465, in _execute_task
    result = _execute_callable(context=context, **execute_callable_kwargs)
             ^^^^^^^^^^^^^^^^^^^^^^^^^^^^^^^^^^^^^^^^^^^^^^^^^^^^^^^^^^^^^
  File "/home/airflow/.local/lib/python3.11/site-packages/airflow/models/taskinstance.py", line 432, in _execute_callable
    return execute_callable(context=context, **execute_callable_kwargs)
           ^^^^^^^^^^^^^^^^^^^^^^^^^^^^^^^^^^^^^^^^^^^^^^^^^^^^^^^^^^^^
  File "/home/airflow/.local/lib/python3.11/site-packages/airflow/models/baseoperator.py", line 400, in wrapper
    return func(self, *args, **kwargs)
           ^^^^^^^^^^^^^^^^^^^^^^^^^^^
  File "/home/airflow/.local/lib/python3.11/site-packages/airflow/operators/python.py", line 235, in execute
    return_value = self.execute_callable()
                   ^^^^^^^^^^^^^^^^^^^^^^^
  File "/home/airflow/.local/lib/python3.11/site-packages/airflow/operators/python.py", line 252, in execute_callable
    return self.python_callable(*self.op_args, **self.op_kwargs)
           ^^^^^^^^^^^^^^^^^^^^^^^^^^^^^^^^^^^^^^^^^^^^^^^^^^^^^
  File "/opt/airflow/project/scripts_data/cleaner.py", line 65, in clean_data
    raise FileNotFoundError(f"{input_file} introuvable. Lance d'abord le scraper.")
FileNotFoundError: data/verbatims_test.csv introuvable. Lance d'abord le scraper.
[2025-07-09T08:06:43.961+0000] {taskinstance.py:1206} INFO - Marking task as UP_FOR_RETRY. dag_id=trustpilot_pipeline, task_id=clean_reviews, run_id=manual__2025-07-09T08:06:34.380078+00:00, execution_date=20250709T080634, start_date=20250709T080643, end_date=20250709T080643
[2025-07-09T08:06:43.971+0000] {standard_task_runner.py:110} ERROR - Failed to execute job 23 for task clean_reviews (data/verbatims_test.csv introuvable. Lance d'abord le scraper.; 305)
[2025-07-09T08:06:44.015+0000] {local_task_job_runner.py:240} INFO - Task exited with return code 1
[2025-07-09T08:06:44.040+0000] {taskinstance.py:3498} INFO - 0 downstream tasks scheduled from follow-on schedule check
[2025-07-09T08:06:44.042+0000] {local_task_job_runner.py:222} INFO - ::endgroup::
