[2025-07-09T08:11:45.712+0000] {local_task_job_runner.py:120} INFO - ::group::Pre task execution logs
[2025-07-09T08:11:45.737+0000] {taskinstance.py:2076} INFO - Dependencies all met for dep_context=non-requeueable deps ti=<TaskInstance: trustpilot_pipeline.clean_reviews manual__2025-07-09T08:06:34.380078+00:00 [queued]>
[2025-07-09T08:11:45.745+0000] {taskinstance.py:2076} INFO - Dependencies all met for dep_context=requeueable deps ti=<TaskInstance: trustpilot_pipeline.clean_reviews manual__2025-07-09T08:06:34.380078+00:00 [queued]>
[2025-07-09T08:11:45.745+0000] {taskinstance.py:2306} INFO - Starting attempt 2 of 2
[2025-07-09T08:11:45.759+0000] {taskinstance.py:2330} INFO - Executing <Task(PythonOperator): clean_reviews> on 2025-07-09 08:06:34.380078+00:00
[2025-07-09T08:11:45.765+0000] {standard_task_runner.py:63} INFO - Started process 368 to run task
[2025-07-09T08:11:45.768+0000] {standard_task_runner.py:90} INFO - Running: ['***', 'tasks', 'run', 'trustpilot_pipeline', 'clean_reviews', 'manual__2025-07-09T08:06:34.380078+00:00', '--job-id', '24', '--raw', '--subdir', 'DAGS_FOLDER/trustpilot_dag.py', '--cfg-path', '/tmp/tmpqttimumo']
[2025-07-09T08:11:45.771+0000] {standard_task_runner.py:91} INFO - Job 24: Subtask clean_reviews
[2025-07-09T08:11:45.811+0000] {task_command.py:426} INFO - Running <TaskInstance: trustpilot_pipeline.clean_reviews manual__2025-07-09T08:06:34.380078+00:00 [running]> on host 667330de9e40
[2025-07-09T08:11:45.880+0000] {taskinstance.py:2648} INFO - Exporting env vars: AIRFLOW_CTX_DAG_OWNER='***' AIRFLOW_CTX_DAG_ID='trustpilot_pipeline' AIRFLOW_CTX_TASK_ID='clean_reviews' AIRFLOW_CTX_EXECUTION_DATE='2025-07-09T08:06:34.380078+00:00' AIRFLOW_CTX_TRY_NUMBER='2' AIRFLOW_CTX_DAG_RUN_ID='manual__2025-07-09T08:06:34.380078+00:00'
[2025-07-09T08:11:45.881+0000] {taskinstance.py:430} INFO - ::endgroup::
[2025-07-09T08:11:45.894+0000] {taskinstance.py:441} INFO - ::group::Post task execution logs
[2025-07-09T08:11:45.895+0000] {taskinstance.py:2905} ERROR - Task failed with exception
Traceback (most recent call last):
  File "/home/airflow/.local/lib/python3.11/site-packages/airflow/models/taskinstance.py", line 465, in _execute_task
    result = _execute_callable(context=context, **execute_callable_kwargs)
             ^^^^^^^^^^^^^^^^^^^^^^^^^^^^^^^^^^^^^^^^^^^^^^^^^^^^^^^^^^^^^
  File "/home/airflow/.local/lib/python3.11/site-packages/airflow/models/taskinstance.py", line 432, in _execute_callable
    return execute_callable(context=context, **execute_callable_kwargs)
           ^^^^^^^^^^^^^^^^^^^^^^^^^^^^^^^^^^^^^^^^^^^^^^^^^^^^^^^^^^^^
  File "/home/airflow/.local/lib/python3.11/site-packages/airflow/models/baseoperator.py", line 400, in wrapper
    return func(self, *args, **kwargs)
           ^^^^^^^^^^^^^^^^^^^^^^^^^^^
  File "/home/airflow/.local/lib/python3.11/site-packages/airflow/operators/python.py", line 235, in execute
    return_value = self.execute_callable()
                   ^^^^^^^^^^^^^^^^^^^^^^^
  File "/home/airflow/.local/lib/python3.11/site-packages/airflow/operators/python.py", line 252, in execute_callable
    return self.python_callable(*self.op_args, **self.op_kwargs)
           ^^^^^^^^^^^^^^^^^^^^^^^^^^^^^^^^^^^^^^^^^^^^^^^^^^^^^
  File "/opt/airflow/project/scripts_data/cleaner.py", line 65, in clean_data
    raise FileNotFoundError(f"{input_file} introuvable. Lance d'abord le scraper.")
FileNotFoundError: data/verbatims_test.csv introuvable. Lance d'abord le scraper.
[2025-07-09T08:11:45.904+0000] {taskinstance.py:1206} INFO - Marking task as FAILED. dag_id=trustpilot_pipeline, task_id=clean_reviews, run_id=manual__2025-07-09T08:06:34.380078+00:00, execution_date=20250709T080634, start_date=20250709T081145, end_date=20250709T081145
[2025-07-09T08:11:45.914+0000] {standard_task_runner.py:110} ERROR - Failed to execute job 24 for task clean_reviews (data/verbatims_test.csv introuvable. Lance d'abord le scraper.; 368)
[2025-07-09T08:11:45.940+0000] {local_task_job_runner.py:240} INFO - Task exited with return code 1
[2025-07-09T08:11:45.964+0000] {taskinstance.py:3498} INFO - 0 downstream tasks scheduled from follow-on schedule check
[2025-07-09T08:11:45.968+0000] {local_task_job_runner.py:222} INFO - ::endgroup::
