[2025-07-05T09:30:19.657+0000] {local_task_job_runner.py:120} INFO - ::group::Pre task execution logs
[2025-07-05T09:30:19.685+0000] {taskinstance.py:2076} INFO - Dependencies all met for dep_context=non-requeueable deps ti=<TaskInstance: trustpilot_pipeline.clean_reviews manual__2025-07-05T09:30:07.059614+00:00 [queued]>
[2025-07-05T09:30:19.692+0000] {taskinstance.py:2076} INFO - Dependencies all met for dep_context=requeueable deps ti=<TaskInstance: trustpilot_pipeline.clean_reviews manual__2025-07-05T09:30:07.059614+00:00 [queued]>
[2025-07-05T09:30:19.693+0000] {taskinstance.py:2306} INFO - Starting attempt 1 of 2
[2025-07-05T09:30:19.704+0000] {taskinstance.py:2330} INFO - Executing <Task(PythonOperator): clean_reviews> on 2025-07-05 09:30:07.059614+00:00
[2025-07-05T09:30:19.711+0000] {standard_task_runner.py:63} INFO - Started process 212 to run task
[2025-07-05T09:30:19.715+0000] {standard_task_runner.py:90} INFO - Running: ['***', 'tasks', 'run', 'trustpilot_pipeline', 'clean_reviews', 'manual__2025-07-05T09:30:07.059614+00:00', '--job-id', '3', '--raw', '--subdir', 'DAGS_FOLDER/trustpilot_dag.py', '--cfg-path', '/tmp/tmpmt5syhbh']
[2025-07-05T09:30:19.718+0000] {standard_task_runner.py:91} INFO - Job 3: Subtask clean_reviews
[2025-07-05T09:30:19.769+0000] {task_command.py:426} INFO - Running <TaskInstance: trustpilot_pipeline.clean_reviews manual__2025-07-05T09:30:07.059614+00:00 [running]> on host a4593353f44b
[2025-07-05T09:30:19.851+0000] {taskinstance.py:2648} INFO - Exporting env vars: AIRFLOW_CTX_DAG_OWNER='***' AIRFLOW_CTX_DAG_ID='trustpilot_pipeline' AIRFLOW_CTX_TASK_ID='clean_reviews' AIRFLOW_CTX_EXECUTION_DATE='2025-07-05T09:30:07.059614+00:00' AIRFLOW_CTX_TRY_NUMBER='1' AIRFLOW_CTX_DAG_RUN_ID='manual__2025-07-05T09:30:07.059614+00:00'
[2025-07-05T09:30:19.852+0000] {taskinstance.py:430} INFO - ::endgroup::
[2025-07-05T09:30:19.877+0000] {logging_mixin.py:188} INFO - Fichier nettoyé sauvegardé dans data/avis_nettoyes.csv
[2025-07-05T09:30:19.877+0000] {logging_mixin.py:188} INFO - 📂 INPUT_CSV = data/verbatims_test.csv
[2025-07-05T09:30:19.878+0000] {logging_mixin.py:188} INFO - 📂 OUTPUT_CSV = data/avis_nettoyes.csv
[2025-07-05T09:30:19.878+0000] {python.py:237} INFO - Done. Returned value was: None
[2025-07-05T09:30:19.878+0000] {taskinstance.py:441} INFO - ::group::Post task execution logs
[2025-07-05T09:30:19.887+0000] {taskinstance.py:1206} INFO - Marking task as SUCCESS. dag_id=trustpilot_pipeline, task_id=clean_reviews, run_id=manual__2025-07-05T09:30:07.059614+00:00, execution_date=20250705T093007, start_date=20250705T093019, end_date=20250705T093019
[2025-07-05T09:30:19.927+0000] {local_task_job_runner.py:240} INFO - Task exited with return code 0
[2025-07-05T09:30:19.950+0000] {taskinstance.py:3498} INFO - 1 downstream tasks scheduled from follow-on schedule check
[2025-07-05T09:30:19.952+0000] {local_task_job_runner.py:222} INFO - ::endgroup::
