[2025-07-04T22:31:18.685+0000] {local_task_job_runner.py:120} INFO - ::group::Pre task execution logs
[2025-07-04T22:31:18.714+0000] {taskinstance.py:2076} INFO - Dependencies all met for dep_context=non-requeueable deps ti=<TaskInstance: trustpilot_pipeline.scrape_trustpilot_reviews manual__2025-07-04T22:31:16.627057+00:00 [queued]>
[2025-07-04T22:31:18.722+0000] {taskinstance.py:2076} INFO - Dependencies all met for dep_context=requeueable deps ti=<TaskInstance: trustpilot_pipeline.scrape_trustpilot_reviews manual__2025-07-04T22:31:16.627057+00:00 [queued]>
[2025-07-04T22:31:18.723+0000] {taskinstance.py:2306} INFO - Starting attempt 1 of 2
[2025-07-04T22:31:18.737+0000] {taskinstance.py:2330} INFO - Executing <Task(PythonOperator): scrape_trustpilot_reviews> on 2025-07-04 22:31:16.627057+00:00
[2025-07-04T22:31:18.746+0000] {standard_task_runner.py:63} INFO - Started process 662 to run task
[2025-07-04T22:31:18.750+0000] {standard_task_runner.py:90} INFO - Running: ['***', 'tasks', 'run', 'trustpilot_pipeline', 'scrape_trustpilot_reviews', 'manual__2025-07-04T22:31:16.627057+00:00', '--job-id', '9', '--raw', '--subdir', 'DAGS_FOLDER/trustpilot_dag.py', '--cfg-path', '/tmp/tmpcxydddcf']
[2025-07-04T22:31:18.753+0000] {standard_task_runner.py:91} INFO - Job 9: Subtask scrape_trustpilot_reviews
[2025-07-04T22:31:18.804+0000] {task_command.py:426} INFO - Running <TaskInstance: trustpilot_pipeline.scrape_trustpilot_reviews manual__2025-07-04T22:31:16.627057+00:00 [running]> on host 65de4b0446bf
[2025-07-04T22:31:18.898+0000] {taskinstance.py:2648} INFO - Exporting env vars: AIRFLOW_CTX_DAG_OWNER='***' AIRFLOW_CTX_DAG_ID='trustpilot_pipeline' AIRFLOW_CTX_TASK_ID='scrape_trustpilot_reviews' AIRFLOW_CTX_EXECUTION_DATE='2025-07-04T22:31:16.627057+00:00' AIRFLOW_CTX_TRY_NUMBER='1' AIRFLOW_CTX_DAG_RUN_ID='manual__2025-07-04T22:31:16.627057+00:00'
[2025-07-04T22:31:18.899+0000] {taskinstance.py:430} INFO - ::endgroup::
[2025-07-04T22:31:18.911+0000] {logging_mixin.py:188} INFO - ▶ Début du pipeline à 2025-07-04T22:31:18.911551
[2025-07-04T22:31:18.911+0000] {logging_mixin.py:188} INFO - ⚙️ Mode SCRAPER sélectionné : csv
[2025-07-04T22:31:18.912+0000] {logging_mixin.py:188} INFO - 📄 Lecture du fichier de test : /opt/***/data/verbatims_test.csv
[2025-07-04T22:31:18.912+0000] {logging_mixin.py:188} INFO - 🧼 Nettoyage des données...
[2025-07-04T22:31:18.926+0000] {logging_mixin.py:188} INFO - Fichier nettoyé sauvegardé dans /opt/***/data/avis_nettoyes.csv
[2025-07-04T22:31:18.927+0000] {logging_mixin.py:188} INFO - 📤 Upload vers BigQuery...
[2025-07-04T22:31:21.122+0000] {logging_mixin.py:188} INFO - ✅ Données chargées dans la table temporaire trustpilot-satisfaction.reviews_dataset.temp_reviews.
[2025-07-04T22:31:23.138+0000] {logging_mixin.py:188} INFO - ✅ Données fusionnées dans la table trustpilot-satisfaction.reviews_dataset.reviews.
[2025-07-04T22:31:23.139+0000] {logging_mixin.py:188} INFO - ✅ Pipeline terminé avec succès.
[2025-07-04T22:31:23.139+0000] {python.py:237} INFO - Done. Returned value was: None
[2025-07-04T22:31:23.140+0000] {taskinstance.py:441} INFO - ::group::Post task execution logs
[2025-07-04T22:31:23.170+0000] {taskinstance.py:1206} INFO - Marking task as SUCCESS. dag_id=trustpilot_pipeline, task_id=scrape_trustpilot_reviews, run_id=manual__2025-07-04T22:31:16.627057+00:00, execution_date=20250704T223116, start_date=20250704T223118, end_date=20250704T223123
[2025-07-04T22:31:23.215+0000] {local_task_job_runner.py:240} INFO - Task exited with return code 0
[2025-07-04T22:31:23.243+0000] {taskinstance.py:3498} INFO - 1 downstream tasks scheduled from follow-on schedule check
[2025-07-04T22:31:23.244+0000] {local_task_job_runner.py:222} INFO - ::endgroup::
