[2025-06-12T12:09:00.580+0000] {local_task_job_runner.py:120} INFO - ::group::Pre task execution logs
[2025-06-12T12:09:00.612+0000] {taskinstance.py:2076} INFO - Dependencies all met for dep_context=non-requeueable deps ti=<TaskInstance: trustpilot_pipeline.scrape_trustpilot_reviews manual__2025-06-12T12:08:58.434554+00:00 [queued]>
[2025-06-12T12:09:00.623+0000] {taskinstance.py:2076} INFO - Dependencies all met for dep_context=requeueable deps ti=<TaskInstance: trustpilot_pipeline.scrape_trustpilot_reviews manual__2025-06-12T12:08:58.434554+00:00 [queued]>
[2025-06-12T12:09:00.623+0000] {taskinstance.py:2306} INFO - Starting attempt 1 of 2
[2025-06-12T12:09:00.639+0000] {taskinstance.py:2330} INFO - Executing <Task(PythonOperator): scrape_trustpilot_reviews> on 2025-06-12 12:08:58.434554+00:00
[2025-06-12T12:09:00.645+0000] {standard_task_runner.py:63} INFO - Started process 231 to run task
[2025-06-12T12:09:00.651+0000] {standard_task_runner.py:90} INFO - Running: ['***', 'tasks', 'run', 'trustpilot_pipeline', 'scrape_trustpilot_reviews', 'manual__2025-06-12T12:08:58.434554+00:00', '--job-id', '30', '--raw', '--subdir', 'DAGS_FOLDER/trustpilot_dag.py', '--cfg-path', '/tmp/tmpqblwdnmb']
[2025-06-12T12:09:00.655+0000] {standard_task_runner.py:91} INFO - Job 30: Subtask scrape_trustpilot_reviews
[2025-06-12T12:09:00.682+0000] {logging_mixin.py:188} WARNING - /home/***/.local/lib/python3.11/site-packages/***/settings.py:195 DeprecationWarning: The sql_alchemy_conn option in [core] has been moved to the sql_alchemy_conn option in [database] - the old setting has been used, but please update your config.
[2025-06-12T12:09:00.739+0000] {task_command.py:426} INFO - Running <TaskInstance: trustpilot_pipeline.scrape_trustpilot_reviews manual__2025-06-12T12:08:58.434554+00:00 [running]> on host 95e8ca9b6661
[2025-06-12T12:09:00.866+0000] {taskinstance.py:2648} INFO - Exporting env vars: AIRFLOW_CTX_DAG_OWNER='***' AIRFLOW_CTX_DAG_ID='trustpilot_pipeline' AIRFLOW_CTX_TASK_ID='scrape_trustpilot_reviews' AIRFLOW_CTX_EXECUTION_DATE='2025-06-12T12:08:58.434554+00:00' AIRFLOW_CTX_TRY_NUMBER='1' AIRFLOW_CTX_DAG_RUN_ID='manual__2025-06-12T12:08:58.434554+00:00'
[2025-06-12T12:09:00.868+0000] {taskinstance.py:430} INFO - ::endgroup::
[2025-06-12T12:09:00.902+0000] {logging_mixin.py:188} INFO - 📆 Wrapper Scraper : scrape_date = 2025-06-12
[2025-06-12T12:09:00.903+0000] {logging_mixin.py:188} INFO - Scraping : https://fr.trustpilot.com/review/www.leroymerlin.fr
[2025-06-12T12:09:05.266+0000] {logging_mixin.py:188} INFO - Scraping : https://fr.trustpilot.com/review/www.leroymerlin.fr?page=2
[2025-06-12T12:09:09.988+0000] {logging_mixin.py:188} INFO - Scraping : https://fr.trustpilot.com/review/www.leroymerlin.fr?page=3
[2025-06-12T12:09:13.305+0000] {logging_mixin.py:188} INFO - Scraping : https://fr.trustpilot.com/review/www.leroymerlin.fr?page=4
[2025-06-12T12:09:13.871+0000] {logging_mixin.py:188} INFO - Tous les avis restants datent de plus de 7 jours. Fin.
[2025-06-12T12:09:13.871+0000] {logging_mixin.py:188} INFO - Scraping terminé.
[2025-06-12T12:09:13.872+0000] {logging_mixin.py:188} INFO - 67 avis collectés.
[2025-06-12T12:09:13.877+0000] {python.py:237} INFO - Done. Returned value was: None
[2025-06-12T12:09:13.877+0000] {taskinstance.py:441} INFO - ::group::Post task execution logs
[2025-06-12T12:09:13.888+0000] {taskinstance.py:1206} INFO - Marking task as SUCCESS. dag_id=trustpilot_pipeline, task_id=scrape_trustpilot_reviews, run_id=manual__2025-06-12T12:08:58.434554+00:00, execution_date=20250612T120858, start_date=20250612T120900, end_date=20250612T120913
[2025-06-12T12:09:13.950+0000] {local_task_job_runner.py:240} INFO - Task exited with return code 0
[2025-06-12T12:09:13.995+0000] {taskinstance.py:3498} INFO - 1 downstream tasks scheduled from follow-on schedule check
[2025-06-12T12:09:13.998+0000] {local_task_job_runner.py:222} INFO - ::endgroup::
