[2025-07-09T11:49:29.399+0000] {local_task_job_runner.py:120} INFO - ::group::Pre task execution logs
[2025-07-09T11:49:29.439+0000] {taskinstance.py:2076} INFO - Dependencies all met for dep_context=non-requeueable deps ti=<TaskInstance: trustpilot_pipeline.clean_reviews manual__2025-07-09T11:49:23.043699+00:00 [queued]>
[2025-07-09T11:49:29.447+0000] {taskinstance.py:2076} INFO - Dependencies all met for dep_context=requeueable deps ti=<TaskInstance: trustpilot_pipeline.clean_reviews manual__2025-07-09T11:49:23.043699+00:00 [queued]>
[2025-07-09T11:49:29.447+0000] {taskinstance.py:2306} INFO - Starting attempt 1 of 2
[2025-07-09T11:49:29.463+0000] {taskinstance.py:2330} INFO - Executing <Task(PythonOperator): clean_reviews> on 2025-07-09 11:49:23.043699+00:00
[2025-07-09T11:49:29.470+0000] {standard_task_runner.py:63} INFO - Started process 212 to run task
[2025-07-09T11:49:29.474+0000] {standard_task_runner.py:90} INFO - Running: ['***', 'tasks', 'run', 'trustpilot_pipeline', 'clean_reviews', 'manual__2025-07-09T11:49:23.043699+00:00', '--job-id', '40', '--raw', '--subdir', 'DAGS_FOLDER/trustpilot_dag.py', '--cfg-path', '/tmp/tmp2vwq9tzj']
[2025-07-09T11:49:29.477+0000] {standard_task_runner.py:91} INFO - Job 40: Subtask clean_reviews
[2025-07-09T11:49:29.521+0000] {task_command.py:426} INFO - Running <TaskInstance: trustpilot_pipeline.clean_reviews manual__2025-07-09T11:49:23.043699+00:00 [running]> on host 0c2f965fa67a
[2025-07-09T11:49:29.593+0000] {taskinstance.py:2648} INFO - Exporting env vars: AIRFLOW_CTX_DAG_OWNER='***' AIRFLOW_CTX_DAG_ID='trustpilot_pipeline' AIRFLOW_CTX_TASK_ID='clean_reviews' AIRFLOW_CTX_EXECUTION_DATE='2025-07-09T11:49:23.043699+00:00' AIRFLOW_CTX_TRY_NUMBER='1' AIRFLOW_CTX_DAG_RUN_ID='manual__2025-07-09T11:49:23.043699+00:00'
[2025-07-09T11:49:29.593+0000] {taskinstance.py:430} INFO - ::endgroup::
[2025-07-09T11:49:29.631+0000] {logging_mixin.py:188} INFO - Fichier nettoyé sauvegardé dans /opt/***/project/data/avis_boutique_clean.csv
[2025-07-09T11:49:29.632+0000] {logging_mixin.py:188} INFO - 📂 INPUT_CSV = /opt/***/project/data/avis_boutique.csv
[2025-07-09T11:49:29.632+0000] {logging_mixin.py:188} INFO - 📂 OUTPUT_CSV = /opt/***/project/data/avis_boutique_clean.csv
[2025-07-09T11:49:29.632+0000] {python.py:237} INFO - Done. Returned value was: None
[2025-07-09T11:49:29.632+0000] {taskinstance.py:441} INFO - ::group::Post task execution logs
[2025-07-09T11:49:29.641+0000] {taskinstance.py:1206} INFO - Marking task as SUCCESS. dag_id=trustpilot_pipeline, task_id=clean_reviews, run_id=manual__2025-07-09T11:49:23.043699+00:00, execution_date=20250709T114923, start_date=20250709T114929, end_date=20250709T114929
[2025-07-09T11:49:29.686+0000] {local_task_job_runner.py:240} INFO - Task exited with return code 0
[2025-07-09T11:49:29.719+0000] {taskinstance.py:3498} INFO - 1 downstream tasks scheduled from follow-on schedule check
[2025-07-09T11:49:29.721+0000] {local_task_job_runner.py:222} INFO - ::endgroup::
