[2025-06-21T16:49:29.221+0000] {local_task_job_runner.py:120} INFO - ::group::Pre task execution logs
[2025-06-21T16:49:29.258+0000] {taskinstance.py:2076} INFO - Dependencies all met for dep_context=non-requeueable deps ti=<TaskInstance: trustpilot_pipeline.scrape_trustpilot_reviews scheduled__2025-06-09T04:00:00+00:00 [queued]>
[2025-06-21T16:49:29.265+0000] {taskinstance.py:2076} INFO - Dependencies all met for dep_context=requeueable deps ti=<TaskInstance: trustpilot_pipeline.scrape_trustpilot_reviews scheduled__2025-06-09T04:00:00+00:00 [queued]>
[2025-06-21T16:49:29.265+0000] {taskinstance.py:2306} INFO - Starting attempt 1 of 2
[2025-06-21T16:49:29.281+0000] {taskinstance.py:2330} INFO - Executing <Task(PythonOperator): scrape_trustpilot_reviews> on 2025-06-09 04:00:00+00:00
[2025-06-21T16:49:29.288+0000] {standard_task_runner.py:63} INFO - Started process 257 to run task
[2025-06-21T16:49:29.293+0000] {standard_task_runner.py:90} INFO - Running: ['***', 'tasks', 'run', 'trustpilot_pipeline', 'scrape_trustpilot_reviews', 'scheduled__2025-06-09T04:00:00+00:00', '--job-id', '2', '--raw', '--subdir', 'DAGS_FOLDER/trustpilot_dag.py', '--cfg-path', '/tmp/tmpy29hk1c3']
[2025-06-21T16:49:29.296+0000] {standard_task_runner.py:91} INFO - Job 2: Subtask scrape_trustpilot_reviews
[2025-06-21T16:49:29.313+0000] {logging_mixin.py:188} WARNING - /home/***/.local/lib/python3.11/site-packages/***/settings.py:195 DeprecationWarning: The sql_alchemy_conn option in [core] has been moved to the sql_alchemy_conn option in [database] - the old setting has been used, but please update your config.
[2025-06-21T16:49:29.347+0000] {task_command.py:426} INFO - Running <TaskInstance: trustpilot_pipeline.scrape_trustpilot_reviews scheduled__2025-06-09T04:00:00+00:00 [running]> on host 37d52fe92b1c
[2025-06-21T16:49:29.435+0000] {taskinstance.py:2648} INFO - Exporting env vars: AIRFLOW_CTX_DAG_OWNER='***' AIRFLOW_CTX_DAG_ID='trustpilot_pipeline' AIRFLOW_CTX_TASK_ID='scrape_trustpilot_reviews' AIRFLOW_CTX_EXECUTION_DATE='2025-06-09T04:00:00+00:00' AIRFLOW_CTX_TRY_NUMBER='1' AIRFLOW_CTX_DAG_RUN_ID='scheduled__2025-06-09T04:00:00+00:00'
[2025-06-21T16:49:29.435+0000] {taskinstance.py:430} INFO - ::endgroup::
[2025-06-21T16:49:29.467+0000] {logging_mixin.py:188} INFO - ▶ Début du scraping à 2025-06-21T16:49:29.467007
[2025-06-21T16:49:29.467+0000] {logging_mixin.py:188} INFO - Scraping : https://fr.trustpilot.com/review/www.leroymerlin.fr
[2025-06-21T16:49:29.991+0000] {logging_mixin.py:188} INFO - Tous les avis restants datent de plus de 7 jours. Fin.
[2025-06-21T16:49:29.992+0000] {logging_mixin.py:188} INFO - Scraping terminé.
[2025-06-21T16:49:29.992+0000] {logging_mixin.py:188} INFO - 18 avis collectés.
[2025-06-21T16:49:29.995+0000] {logging_mixin.py:188} INFO - ▶ Début du nettoyage à 2025-06-21T16:49:29.994937
[2025-06-21T16:49:30.018+0000] {logging_mixin.py:188} INFO - Fichier nettoyé sauvegardé dans data/avis_nettoyes.csv
[2025-06-21T16:49:30.018+0000] {logging_mixin.py:188} INFO - ▶ Upload dans BigQuery...
[2025-06-21T16:49:32.946+0000] {logging_mixin.py:188} INFO - ✅ Données chargées dans la table temporaire trustpilot-satisfaction.reviews_dataset.temp_reviews.
[2025-06-21T16:49:35.544+0000] {logging_mixin.py:188} INFO - ✅ Données fusionnées dans la table trustpilot-satisfaction.reviews_dataset.reviews.
[2025-06-21T16:49:35.544+0000] {logging_mixin.py:188} INFO - ✅ Pipeline terminé avec succès.
[2025-06-21T16:49:35.545+0000] {python.py:237} INFO - Done. Returned value was: None
[2025-06-21T16:49:35.545+0000] {taskinstance.py:441} INFO - ::group::Post task execution logs
[2025-06-21T16:49:35.556+0000] {taskinstance.py:1206} INFO - Marking task as SUCCESS. dag_id=trustpilot_pipeline, task_id=scrape_trustpilot_reviews, run_id=scheduled__2025-06-09T04:00:00+00:00, execution_date=20250609T040000, start_date=20250621T164929, end_date=20250621T164935
[2025-06-21T16:49:35.599+0000] {local_task_job_runner.py:240} INFO - Task exited with return code 0
[2025-06-21T16:49:35.626+0000] {taskinstance.py:3498} INFO - 1 downstream tasks scheduled from follow-on schedule check
[2025-06-21T16:49:35.628+0000] {local_task_job_runner.py:222} INFO - ::endgroup::
[2025-06-21T17:00:34.749+0000] {local_task_job_runner.py:120} INFO - ::group::Pre task execution logs
[2025-06-21T17:00:34.792+0000] {taskinstance.py:2076} INFO - Dependencies all met for dep_context=non-requeueable deps ti=<TaskInstance: trustpilot_pipeline.scrape_trustpilot_reviews scheduled__2025-06-09T04:00:00+00:00 [queued]>
[2025-06-21T17:00:34.800+0000] {taskinstance.py:2076} INFO - Dependencies all met for dep_context=requeueable deps ti=<TaskInstance: trustpilot_pipeline.scrape_trustpilot_reviews scheduled__2025-06-09T04:00:00+00:00 [queued]>
[2025-06-21T17:00:34.800+0000] {taskinstance.py:2306} INFO - Starting attempt 1 of 2
[2025-06-21T17:00:34.814+0000] {taskinstance.py:2330} INFO - Executing <Task(PythonOperator): scrape_trustpilot_reviews> on 2025-06-09 04:00:00+00:00
[2025-06-21T17:00:34.822+0000] {standard_task_runner.py:63} INFO - Started process 221 to run task
[2025-06-21T17:00:34.826+0000] {standard_task_runner.py:90} INFO - Running: ['***', 'tasks', 'run', 'trustpilot_pipeline', 'scrape_trustpilot_reviews', 'scheduled__2025-06-09T04:00:00+00:00', '--job-id', '3', '--raw', '--subdir', 'DAGS_FOLDER/trustpilot_dag.py', '--cfg-path', '/tmp/tmpf_irjzxi']
[2025-06-21T17:00:34.829+0000] {standard_task_runner.py:91} INFO - Job 3: Subtask scrape_trustpilot_reviews
[2025-06-21T17:00:34.849+0000] {logging_mixin.py:188} WARNING - /home/***/.local/lib/python3.11/site-packages/***/settings.py:195 DeprecationWarning: The sql_alchemy_conn option in [core] has been moved to the sql_alchemy_conn option in [database] - the old setting has been used, but please update your config.
[2025-06-21T17:00:34.888+0000] {task_command.py:426} INFO - Running <TaskInstance: trustpilot_pipeline.scrape_trustpilot_reviews scheduled__2025-06-09T04:00:00+00:00 [running]> on host 92146c76f2b4
[2025-06-21T17:00:34.975+0000] {taskinstance.py:2648} INFO - Exporting env vars: AIRFLOW_CTX_DAG_OWNER='***' AIRFLOW_CTX_DAG_ID='trustpilot_pipeline' AIRFLOW_CTX_TASK_ID='scrape_trustpilot_reviews' AIRFLOW_CTX_EXECUTION_DATE='2025-06-09T04:00:00+00:00' AIRFLOW_CTX_TRY_NUMBER='1' AIRFLOW_CTX_DAG_RUN_ID='scheduled__2025-06-09T04:00:00+00:00'
[2025-06-21T17:00:34.976+0000] {taskinstance.py:430} INFO - ::endgroup::
[2025-06-21T17:00:34.997+0000] {logging_mixin.py:188} INFO - ▶ Début du scraping à 2025-06-21T17:00:34.996977
[2025-06-21T17:00:34.997+0000] {logging_mixin.py:188} INFO - Scraping : https://fr.trustpilot.com/review/www.leroymerlin.fr
[2025-06-21T17:00:35.253+0000] {logging_mixin.py:188} INFO - Tous les avis restants datent de plus de 7 jours. Fin.
[2025-06-21T17:00:35.253+0000] {logging_mixin.py:188} INFO - Scraping terminé.
[2025-06-21T17:00:35.253+0000] {logging_mixin.py:188} INFO - 18 avis collectés.
[2025-06-21T17:00:35.256+0000] {logging_mixin.py:188} INFO - ▶ Début du nettoyage à 2025-06-21T17:00:35.256899
[2025-06-21T17:00:35.271+0000] {logging_mixin.py:188} INFO - Fichier nettoyé sauvegardé dans data/avis_nettoyes.csv
[2025-06-21T17:00:35.272+0000] {logging_mixin.py:188} INFO - ▶ Upload dans BigQuery...
[2025-06-21T17:00:39.225+0000] {logging_mixin.py:188} INFO - ✅ Données chargées dans la table temporaire trustpilot-satisfaction.reviews_dataset.temp_reviews.
[2025-06-21T17:00:41.872+0000] {logging_mixin.py:188} INFO - ✅ Données fusionnées dans la table trustpilot-satisfaction.reviews_dataset.reviews.
[2025-06-21T17:00:41.873+0000] {logging_mixin.py:188} INFO - ✅ Pipeline terminé avec succès.
[2025-06-21T17:00:41.873+0000] {python.py:237} INFO - Done. Returned value was: None
[2025-06-21T17:00:41.873+0000] {taskinstance.py:441} INFO - ::group::Post task execution logs
[2025-06-21T17:00:41.882+0000] {taskinstance.py:1206} INFO - Marking task as SUCCESS. dag_id=trustpilot_pipeline, task_id=scrape_trustpilot_reviews, run_id=scheduled__2025-06-09T04:00:00+00:00, execution_date=20250609T040000, start_date=20250621T170034, end_date=20250621T170041
[2025-06-21T17:00:41.910+0000] {local_task_job_runner.py:240} INFO - Task exited with return code 0
[2025-06-21T17:00:41.931+0000] {taskinstance.py:3498} INFO - 1 downstream tasks scheduled from follow-on schedule check
[2025-06-21T17:00:41.933+0000] {local_task_job_runner.py:222} INFO - ::endgroup::
