[2025-07-04T18:36:53.247+0000] {local_task_job_runner.py:120} INFO - ::group::Pre task execution logs
[2025-07-04T18:36:53.286+0000] {taskinstance.py:2076} INFO - Dependencies all met for dep_context=non-requeueable deps ti=<TaskInstance: trustpilot_pipeline.scrape_trustpilot_reviews manual__2025-07-04T18:36:51.072372+00:00 [queued]>
[2025-07-04T18:36:53.294+0000] {taskinstance.py:2076} INFO - Dependencies all met for dep_context=requeueable deps ti=<TaskInstance: trustpilot_pipeline.scrape_trustpilot_reviews manual__2025-07-04T18:36:51.072372+00:00 [queued]>
[2025-07-04T18:36:53.295+0000] {taskinstance.py:2306} INFO - Starting attempt 1 of 2
[2025-07-04T18:36:53.308+0000] {taskinstance.py:2330} INFO - Executing <Task(PythonOperator): scrape_trustpilot_reviews> on 2025-07-04 18:36:51.072372+00:00
[2025-07-04T18:36:53.317+0000] {standard_task_runner.py:63} INFO - Started process 208 to run task
[2025-07-04T18:36:53.320+0000] {standard_task_runner.py:90} INFO - Running: ['***', 'tasks', 'run', 'trustpilot_pipeline', 'scrape_trustpilot_reviews', 'manual__2025-07-04T18:36:51.072372+00:00', '--job-id', '2', '--raw', '--subdir', 'DAGS_FOLDER/trustpilot_dag.py', '--cfg-path', '/tmp/tmp2n06ma1c']
[2025-07-04T18:36:53.322+0000] {standard_task_runner.py:91} INFO - Job 2: Subtask scrape_trustpilot_reviews
[2025-07-04T18:36:53.369+0000] {task_command.py:426} INFO - Running <TaskInstance: trustpilot_pipeline.scrape_trustpilot_reviews manual__2025-07-04T18:36:51.072372+00:00 [running]> on host 8a733a1b3149
[2025-07-04T18:36:53.467+0000] {taskinstance.py:2648} INFO - Exporting env vars: AIRFLOW_CTX_DAG_OWNER='***' AIRFLOW_CTX_DAG_ID='trustpilot_pipeline' AIRFLOW_CTX_TASK_ID='scrape_trustpilot_reviews' AIRFLOW_CTX_EXECUTION_DATE='2025-07-04T18:36:51.072372+00:00' AIRFLOW_CTX_TRY_NUMBER='1' AIRFLOW_CTX_DAG_RUN_ID='manual__2025-07-04T18:36:51.072372+00:00'
[2025-07-04T18:36:53.468+0000] {taskinstance.py:430} INFO - ::endgroup::
[2025-07-04T18:36:53.494+0000] {logging_mixin.py:188} INFO - ▶ Début du pipeline à 2025-07-04T18:36:53.494464
[2025-07-04T18:36:53.494+0000] {logging_mixin.py:188} INFO - ⚙️ Mode SCRAPER sélectionné : csv
[2025-07-04T18:36:53.494+0000] {logging_mixin.py:188} INFO - 📄 Lecture du fichier de test : /opt/***/data/verbatims_test.csv
[2025-07-04T18:36:53.495+0000] {logging_mixin.py:188} INFO - 🧼 Nettoyage des données...
[2025-07-04T18:36:53.507+0000] {taskinstance.py:441} INFO - ::group::Post task execution logs
[2025-07-04T18:36:53.507+0000] {taskinstance.py:2905} ERROR - Task failed with exception
Traceback (most recent call last):
  File "/home/airflow/.local/lib/python3.11/site-packages/airflow/models/taskinstance.py", line 465, in _execute_task
    result = _execute_callable(context=context, **execute_callable_kwargs)
             ^^^^^^^^^^^^^^^^^^^^^^^^^^^^^^^^^^^^^^^^^^^^^^^^^^^^^^^^^^^^^
  File "/home/airflow/.local/lib/python3.11/site-packages/airflow/models/taskinstance.py", line 432, in _execute_callable
    return execute_callable(context=context, **execute_callable_kwargs)
           ^^^^^^^^^^^^^^^^^^^^^^^^^^^^^^^^^^^^^^^^^^^^^^^^^^^^^^^^^^^^
  File "/home/airflow/.local/lib/python3.11/site-packages/airflow/models/baseoperator.py", line 400, in wrapper
    return func(self, *args, **kwargs)
           ^^^^^^^^^^^^^^^^^^^^^^^^^^^
  File "/home/airflow/.local/lib/python3.11/site-packages/airflow/operators/python.py", line 235, in execute
    return_value = self.execute_callable()
                   ^^^^^^^^^^^^^^^^^^^^^^^
  File "/home/airflow/.local/lib/python3.11/site-packages/airflow/operators/python.py", line 252, in execute_callable
    return self.python_callable(*self.op_args, **self.op_kwargs)
           ^^^^^^^^^^^^^^^^^^^^^^^^^^^^^^^^^^^^^^^^^^^^^^^^^^^^^
  File "/opt/airflow/project/scripts_data/main.py", line 66, in main
    clean_csv(input_file, output_file)
  File "/opt/airflow/project/scripts_data/cleaner.py", line 48, in clean_csv
    df.to_csv(output_file, index=False, encoding='utf-8')
  File "/home/airflow/.local/lib/python3.11/site-packages/pandas/core/generic.py", line 3902, in to_csv
    return DataFrameRenderer(formatter).to_csv(
           ^^^^^^^^^^^^^^^^^^^^^^^^^^^^^^^^^^^^
  File "/home/airflow/.local/lib/python3.11/site-packages/pandas/io/formats/format.py", line 1152, in to_csv
    csv_formatter.save()
  File "/home/airflow/.local/lib/python3.11/site-packages/pandas/io/formats/csvs.py", line 247, in save
    with get_handle(
         ^^^^^^^^^^^
  File "/home/airflow/.local/lib/python3.11/site-packages/pandas/io/common.py", line 863, in get_handle
    handle = open(
             ^^^^^
PermissionError: [Errno 13] Permission denied: 'data/avis_nettoyes.csv'
[2025-07-04T18:36:53.520+0000] {taskinstance.py:1206} INFO - Marking task as UP_FOR_RETRY. dag_id=trustpilot_pipeline, task_id=scrape_trustpilot_reviews, run_id=manual__2025-07-04T18:36:51.072372+00:00, execution_date=20250704T183651, start_date=20250704T183653, end_date=20250704T183653
[2025-07-04T18:36:53.534+0000] {standard_task_runner.py:110} ERROR - Failed to execute job 2 for task scrape_trustpilot_reviews ([Errno 13] Permission denied: 'data/avis_nettoyes.csv'; 208)
[2025-07-04T18:36:53.572+0000] {local_task_job_runner.py:240} INFO - Task exited with return code 1
[2025-07-04T18:36:53.596+0000] {taskinstance.py:3498} INFO - 0 downstream tasks scheduled from follow-on schedule check
[2025-07-04T18:36:53.597+0000] {local_task_job_runner.py:222} INFO - ::endgroup::
