[2025-06-12T12:39:56.465+0000] {local_task_job_runner.py:120} INFO - ::group::Pre task execution logs
[2025-06-12T12:39:56.494+0000] {taskinstance.py:2076} INFO - Dependencies all met for dep_context=non-requeueable deps ti=<TaskInstance: trustpilot_pipeline.scrape_trustpilot_reviews manual__2025-06-12T12:39:54+00:00 [queued]>
[2025-06-12T12:39:56.504+0000] {taskinstance.py:2076} INFO - Dependencies all met for dep_context=requeueable deps ti=<TaskInstance: trustpilot_pipeline.scrape_trustpilot_reviews manual__2025-06-12T12:39:54+00:00 [queued]>
[2025-06-12T12:39:56.505+0000] {taskinstance.py:2306} INFO - Starting attempt 1 of 2
[2025-06-12T12:39:56.519+0000] {taskinstance.py:2330} INFO - Executing <Task(PythonOperator): scrape_trustpilot_reviews> on 2025-06-12 12:39:54+00:00
[2025-06-12T12:39:56.526+0000] {standard_task_runner.py:63} INFO - Started process 627 to run task
[2025-06-12T12:39:56.530+0000] {standard_task_runner.py:90} INFO - Running: ['***', 'tasks', 'run', 'trustpilot_pipeline', 'scrape_trustpilot_reviews', 'manual__2025-06-12T12:39:54+00:00', '--job-id', '42', '--raw', '--subdir', 'DAGS_FOLDER/trustpilot_dag.py', '--cfg-path', '/tmp/tmpyd0v_ip0']
[2025-06-12T12:39:56.534+0000] {standard_task_runner.py:91} INFO - Job 42: Subtask scrape_trustpilot_reviews
[2025-06-12T12:39:56.552+0000] {logging_mixin.py:188} WARNING - /home/***/.local/lib/python3.11/site-packages/***/settings.py:195 DeprecationWarning: The sql_alchemy_conn option in [core] has been moved to the sql_alchemy_conn option in [database] - the old setting has been used, but please update your config.
[2025-06-12T12:39:56.590+0000] {task_command.py:426} INFO - Running <TaskInstance: trustpilot_pipeline.scrape_trustpilot_reviews manual__2025-06-12T12:39:54+00:00 [running]> on host 95e8ca9b6661
[2025-06-12T12:39:56.688+0000] {taskinstance.py:2648} INFO - Exporting env vars: AIRFLOW_CTX_DAG_OWNER='***' AIRFLOW_CTX_DAG_ID='trustpilot_pipeline' AIRFLOW_CTX_TASK_ID='scrape_trustpilot_reviews' AIRFLOW_CTX_EXECUTION_DATE='2025-06-12T12:39:54+00:00' AIRFLOW_CTX_TRY_NUMBER='1' AIRFLOW_CTX_DAG_RUN_ID='manual__2025-06-12T12:39:54+00:00'
[2025-06-12T12:39:56.690+0000] {taskinstance.py:430} INFO - ::endgroup::
[2025-06-12T12:39:56.704+0000] {logging_mixin.py:188} INFO - ▶ Début du scraping à 2025-06-12T12:39:56.704231
[2025-06-12T12:39:56.704+0000] {logging_mixin.py:188} INFO - Scraping : https://fr.trustpilot.com/review/www.leroymerlin.fr
[2025-06-12T12:40:00.070+0000] {logging_mixin.py:188} INFO - Scraping : https://fr.trustpilot.com/review/www.leroymerlin.fr?page=2
[2025-06-12T12:40:03.780+0000] {logging_mixin.py:188} INFO - Scraping : https://fr.trustpilot.com/review/www.leroymerlin.fr?page=3
[2025-06-12T12:40:07.264+0000] {logging_mixin.py:188} INFO - Scraping : https://fr.trustpilot.com/review/www.leroymerlin.fr?page=4
[2025-06-12T12:40:08.416+0000] {logging_mixin.py:188} INFO - Tous les avis restants datent de plus de 7 jours. Fin.
[2025-06-12T12:40:08.417+0000] {logging_mixin.py:188} INFO - Scraping terminé.
[2025-06-12T12:40:08.417+0000] {logging_mixin.py:188} INFO - 67 avis collectés.
[2025-06-12T12:40:08.423+0000] {logging_mixin.py:188} INFO - ▶ Début du nettoyage à 2025-06-12T12:40:08.423543
[2025-06-12T12:40:08.452+0000] {logging_mixin.py:188} INFO - Fichier nettoyé sauvegardé dans data/avis_nettoyes.csv
[2025-06-12T12:40:08.452+0000] {logging_mixin.py:188} INFO - ▶ Upload dans BigQuery...
[2025-06-12T12:40:12.090+0000] {logging_mixin.py:188} INFO - ✅ Données chargées dans la table temporaire trustpilot-satisfaction.reviews_dataset.temp_reviews.
[2025-06-12T12:40:14.159+0000] {logging_mixin.py:188} INFO - ✅ Données fusionnées dans la table trustpilot-satisfaction.reviews_dataset.reviews.
[2025-06-12T12:40:14.160+0000] {logging_mixin.py:188} INFO - ✅ Pipeline terminé avec succès.
[2025-06-12T12:40:14.161+0000] {python.py:237} INFO - Done. Returned value was: None
[2025-06-12T12:40:14.161+0000] {taskinstance.py:441} INFO - ::group::Post task execution logs
[2025-06-12T12:40:14.175+0000] {taskinstance.py:1206} INFO - Marking task as SUCCESS. dag_id=trustpilot_pipeline, task_id=scrape_trustpilot_reviews, run_id=manual__2025-06-12T12:39:54+00:00, execution_date=20250612T123954, start_date=20250612T123956, end_date=20250612T124014
[2025-06-12T12:40:14.242+0000] {local_task_job_runner.py:240} INFO - Task exited with return code 0
[2025-06-12T12:40:14.271+0000] {taskinstance.py:3498} INFO - 1 downstream tasks scheduled from follow-on schedule check
[2025-06-12T12:40:14.274+0000] {local_task_job_runner.py:222} INFO - ::endgroup::
