[2025-06-24T23:21:54.178+0000] {local_task_job_runner.py:120} INFO - ::group::Pre task execution logs
[2025-06-24T23:21:54.209+0000] {taskinstance.py:2076} INFO - Dependencies all met for dep_context=non-requeueable deps ti=<TaskInstance: trustpilot_pipeline.scrape_trustpilot_reviews scheduled__2025-06-16T04:00:00+00:00 [queued]>
[2025-06-24T23:21:54.217+0000] {taskinstance.py:2076} INFO - Dependencies all met for dep_context=requeueable deps ti=<TaskInstance: trustpilot_pipeline.scrape_trustpilot_reviews scheduled__2025-06-16T04:00:00+00:00 [queued]>
[2025-06-24T23:21:54.217+0000] {taskinstance.py:2306} INFO - Starting attempt 1 of 2
[2025-06-24T23:21:54.228+0000] {taskinstance.py:2330} INFO - Executing <Task(PythonOperator): scrape_trustpilot_reviews> on 2025-06-16 04:00:00+00:00
[2025-06-24T23:21:54.235+0000] {standard_task_runner.py:63} INFO - Started process 219 to run task
[2025-06-24T23:21:54.238+0000] {standard_task_runner.py:90} INFO - Running: ['***', 'tasks', 'run', 'trustpilot_pipeline', 'scrape_trustpilot_reviews', 'scheduled__2025-06-16T04:00:00+00:00', '--job-id', '2', '--raw', '--subdir', 'DAGS_FOLDER/trustpilot_dag.py', '--cfg-path', '/tmp/tmpt0_52you']
[2025-06-24T23:21:54.240+0000] {standard_task_runner.py:91} INFO - Job 2: Subtask scrape_trustpilot_reviews
[2025-06-24T23:21:54.258+0000] {logging_mixin.py:188} WARNING - /home/***/.local/lib/python3.11/site-packages/***/settings.py:195 DeprecationWarning: The sql_alchemy_conn option in [core] has been moved to the sql_alchemy_conn option in [database] - the old setting has been used, but please update your config.
[2025-06-24T23:21:54.298+0000] {task_command.py:426} INFO - Running <TaskInstance: trustpilot_pipeline.scrape_trustpilot_reviews scheduled__2025-06-16T04:00:00+00:00 [running]> on host f535c6d1d77c
[2025-06-24T23:21:54.373+0000] {taskinstance.py:2648} INFO - Exporting env vars: AIRFLOW_CTX_DAG_OWNER='***' AIRFLOW_CTX_DAG_ID='trustpilot_pipeline' AIRFLOW_CTX_TASK_ID='scrape_trustpilot_reviews' AIRFLOW_CTX_EXECUTION_DATE='2025-06-16T04:00:00+00:00' AIRFLOW_CTX_TRY_NUMBER='1' AIRFLOW_CTX_DAG_RUN_ID='scheduled__2025-06-16T04:00:00+00:00'
[2025-06-24T23:21:54.374+0000] {taskinstance.py:430} INFO - ::endgroup::
[2025-06-24T23:21:54.405+0000] {logging_mixin.py:188} INFO - ▶ Début du scraping à 2025-06-24T23:21:54.405301
[2025-06-24T23:21:54.405+0000] {logging_mixin.py:188} INFO - Scraping : https://fr.trustpilot.com/review/www.leroymerlin.fr
[2025-06-24T23:21:59.240+0000] {logging_mixin.py:188} INFO - Scraping : https://fr.trustpilot.com/review/www.leroymerlin.fr?page=2
[2025-06-24T23:21:59.923+0000] {logging_mixin.py:188} INFO - Tous les avis restants datent de plus de 7 jours. Fin.
[2025-06-24T23:21:59.923+0000] {logging_mixin.py:188} INFO - Scraping terminé.
[2025-06-24T23:21:59.923+0000] {logging_mixin.py:188} INFO - 21 avis collectés.
[2025-06-24T23:21:59.925+0000] {logging_mixin.py:188} INFO - ▶ Début du nettoyage à 2025-06-24T23:21:59.925650
[2025-06-24T23:21:59.943+0000] {logging_mixin.py:188} INFO - Fichier nettoyé sauvegardé dans data/avis_nettoyes.csv
[2025-06-24T23:21:59.944+0000] {logging_mixin.py:188} INFO - ▶ Upload dans BigQuery...
[2025-06-24T23:22:02.879+0000] {logging_mixin.py:188} INFO - ✅ Données chargées dans la table temporaire trustpilot-satisfaction.reviews_dataset.temp_reviews.
[2025-06-24T23:22:05.011+0000] {logging_mixin.py:188} INFO - ✅ Données fusionnées dans la table trustpilot-satisfaction.reviews_dataset.reviews.
[2025-06-24T23:22:05.011+0000] {logging_mixin.py:188} INFO - ✅ Pipeline terminé avec succès.
[2025-06-24T23:22:05.012+0000] {python.py:237} INFO - Done. Returned value was: None
[2025-06-24T23:22:05.012+0000] {taskinstance.py:441} INFO - ::group::Post task execution logs
[2025-06-24T23:22:05.030+0000] {taskinstance.py:1206} INFO - Marking task as SUCCESS. dag_id=trustpilot_pipeline, task_id=scrape_trustpilot_reviews, run_id=scheduled__2025-06-16T04:00:00+00:00, execution_date=20250616T040000, start_date=20250624T232154, end_date=20250624T232205
[2025-06-24T23:22:05.092+0000] {local_task_job_runner.py:240} INFO - Task exited with return code 0
[2025-06-24T23:22:05.117+0000] {taskinstance.py:3498} INFO - 1 downstream tasks scheduled from follow-on schedule check
[2025-06-24T23:22:05.119+0000] {local_task_job_runner.py:222} INFO - ::endgroup::
