[2025-07-04T21:55:47.551+0000] {local_task_job_runner.py:120} INFO - ::group::Pre task execution logs
[2025-07-04T21:55:47.579+0000] {taskinstance.py:2076} INFO - Dependencies all met for dep_context=non-requeueable deps ti=<TaskInstance: trustpilot_pipeline.scrape_trustpilot_reviews manual__2025-07-04T21:55:46.095864+00:00 [queued]>
[2025-07-04T21:55:47.587+0000] {taskinstance.py:2076} INFO - Dependencies all met for dep_context=requeueable deps ti=<TaskInstance: trustpilot_pipeline.scrape_trustpilot_reviews manual__2025-07-04T21:55:46.095864+00:00 [queued]>
[2025-07-04T21:55:47.587+0000] {taskinstance.py:2306} INFO - Starting attempt 1 of 2
[2025-07-04T21:55:47.599+0000] {taskinstance.py:2330} INFO - Executing <Task(PythonOperator): scrape_trustpilot_reviews> on 2025-07-04 21:55:46.095864+00:00
[2025-07-04T21:55:47.606+0000] {standard_task_runner.py:63} INFO - Started process 224 to run task
[2025-07-04T21:55:47.609+0000] {standard_task_runner.py:90} INFO - Running: ['***', 'tasks', 'run', 'trustpilot_pipeline', 'scrape_trustpilot_reviews', 'manual__2025-07-04T21:55:46.095864+00:00', '--job-id', '2', '--raw', '--subdir', 'DAGS_FOLDER/trustpilot_dag.py', '--cfg-path', '/tmp/tmpnrbu6ctb']
[2025-07-04T21:55:47.612+0000] {standard_task_runner.py:91} INFO - Job 2: Subtask scrape_trustpilot_reviews
[2025-07-04T21:55:47.675+0000] {task_command.py:426} INFO - Running <TaskInstance: trustpilot_pipeline.scrape_trustpilot_reviews manual__2025-07-04T21:55:46.095864+00:00 [running]> on host 65de4b0446bf
[2025-07-04T21:55:47.765+0000] {taskinstance.py:2648} INFO - Exporting env vars: AIRFLOW_CTX_DAG_OWNER='***' AIRFLOW_CTX_DAG_ID='trustpilot_pipeline' AIRFLOW_CTX_TASK_ID='scrape_trustpilot_reviews' AIRFLOW_CTX_EXECUTION_DATE='2025-07-04T21:55:46.095864+00:00' AIRFLOW_CTX_TRY_NUMBER='1' AIRFLOW_CTX_DAG_RUN_ID='manual__2025-07-04T21:55:46.095864+00:00'
[2025-07-04T21:55:47.765+0000] {taskinstance.py:430} INFO - ::endgroup::
[2025-07-04T21:55:47.804+0000] {logging_mixin.py:188} INFO - ▶ Début du pipeline à 2025-07-04T21:55:47.804783
[2025-07-04T21:55:47.805+0000] {logging_mixin.py:188} INFO - ⚙️ Mode SCRAPER sélectionné : csv
[2025-07-04T21:55:47.805+0000] {logging_mixin.py:188} INFO - 📄 Lecture du fichier de test : /opt/***/data/verbatims_test.csv
[2025-07-04T21:55:47.805+0000] {logging_mixin.py:188} INFO - 🧼 Nettoyage des données...
[2025-07-04T21:55:47.807+0000] {taskinstance.py:441} INFO - ::group::Post task execution logs
[2025-07-04T21:55:47.807+0000] {taskinstance.py:2905} ERROR - Task failed with exception
Traceback (most recent call last):
  File "/home/airflow/.local/lib/python3.11/site-packages/airflow/models/taskinstance.py", line 465, in _execute_task
    result = _execute_callable(context=context, **execute_callable_kwargs)
             ^^^^^^^^^^^^^^^^^^^^^^^^^^^^^^^^^^^^^^^^^^^^^^^^^^^^^^^^^^^^^
  File "/home/airflow/.local/lib/python3.11/site-packages/airflow/models/taskinstance.py", line 432, in _execute_callable
    return execute_callable(context=context, **execute_callable_kwargs)
           ^^^^^^^^^^^^^^^^^^^^^^^^^^^^^^^^^^^^^^^^^^^^^^^^^^^^^^^^^^^^
  File "/home/airflow/.local/lib/python3.11/site-packages/airflow/models/baseoperator.py", line 400, in wrapper
    return func(self, *args, **kwargs)
           ^^^^^^^^^^^^^^^^^^^^^^^^^^^
  File "/home/airflow/.local/lib/python3.11/site-packages/airflow/operators/python.py", line 235, in execute
    return_value = self.execute_callable()
                   ^^^^^^^^^^^^^^^^^^^^^^^
  File "/home/airflow/.local/lib/python3.11/site-packages/airflow/operators/python.py", line 252, in execute_callable
    return self.python_callable(*self.op_args, **self.op_kwargs)
           ^^^^^^^^^^^^^^^^^^^^^^^^^^^^^^^^^^^^^^^^^^^^^^^^^^^^^
  File "/opt/airflow/project/scripts_data/main.py", line 67, in main
    clean_csv(input_file, output_file)
  File "/opt/airflow/project/scripts_data/cleaner.py", line 28, in clean_csv
    df = pd.read_csv(input_file, dtype=str)
         ^^^^^^^^^^^^^^^^^^^^^^^^^^^^^^^^^^
  File "/home/airflow/.local/lib/python3.11/site-packages/pandas/io/parsers/readers.py", line 948, in read_csv
    return _read(filepath_or_buffer, kwds)
           ^^^^^^^^^^^^^^^^^^^^^^^^^^^^^^^
  File "/home/airflow/.local/lib/python3.11/site-packages/pandas/io/parsers/readers.py", line 611, in _read
    parser = TextFileReader(filepath_or_buffer, **kwds)
             ^^^^^^^^^^^^^^^^^^^^^^^^^^^^^^^^^^^^^^^^^^
  File "/home/airflow/.local/lib/python3.11/site-packages/pandas/io/parsers/readers.py", line 1448, in __init__
    self._engine = self._make_engine(f, self.engine)
                   ^^^^^^^^^^^^^^^^^^^^^^^^^^^^^^^^^
  File "/home/airflow/.local/lib/python3.11/site-packages/pandas/io/parsers/readers.py", line 1723, in _make_engine
    return mapping[engine](f, **self.options)
           ^^^^^^^^^^^^^^^^^^^^^^^^^^^^^^^^^^
  File "/home/airflow/.local/lib/python3.11/site-packages/pandas/io/parsers/c_parser_wrapper.py", line 93, in __init__
    self._reader = parsers.TextReader(src, **kwds)
                   ^^^^^^^^^^^^^^^^^^^^^^^^^^^^^^^
  File "parsers.pyx", line 586, in pandas._libs.parsers.TextReader.__cinit__
pandas.errors.EmptyDataError: No columns to parse from file
[2025-07-04T21:55:47.819+0000] {taskinstance.py:1206} INFO - Marking task as UP_FOR_RETRY. dag_id=trustpilot_pipeline, task_id=scrape_trustpilot_reviews, run_id=manual__2025-07-04T21:55:46.095864+00:00, execution_date=20250704T215546, start_date=20250704T215547, end_date=20250704T215547
[2025-07-04T21:55:47.829+0000] {standard_task_runner.py:110} ERROR - Failed to execute job 2 for task scrape_trustpilot_reviews (No columns to parse from file; 224)
[2025-07-04T21:55:47.861+0000] {local_task_job_runner.py:240} INFO - Task exited with return code 1
[2025-07-04T21:55:47.884+0000] {taskinstance.py:3498} INFO - 0 downstream tasks scheduled from follow-on schedule check
[2025-07-04T21:55:47.886+0000] {local_task_job_runner.py:222} INFO - ::endgroup::
