[2025-06-12T11:21:12.518+0000] {local_task_job_runner.py:120} INFO - ::group::Pre task execution logs
[2025-06-12T11:21:12.552+0000] {taskinstance.py:2076} INFO - Dependencies all met for dep_context=non-requeueable deps ti=<TaskInstance: trustpilot_pipeline.scrape_trustpilot_reviews manual__2025-06-12T11:21:10.065500+00:00 [queued]>
[2025-06-12T11:21:12.562+0000] {taskinstance.py:2076} INFO - Dependencies all met for dep_context=requeueable deps ti=<TaskInstance: trustpilot_pipeline.scrape_trustpilot_reviews manual__2025-06-12T11:21:10.065500+00:00 [queued]>
[2025-06-12T11:21:12.563+0000] {taskinstance.py:2306} INFO - Starting attempt 1 of 2
[2025-06-12T11:21:12.579+0000] {taskinstance.py:2330} INFO - Executing <Task(PythonOperator): scrape_trustpilot_reviews> on 2025-06-12 11:21:10.065500+00:00
[2025-06-12T11:21:12.585+0000] {standard_task_runner.py:63} INFO - Started process 896 to run task
[2025-06-12T11:21:12.589+0000] {standard_task_runner.py:90} INFO - Running: ['***', 'tasks', 'run', 'trustpilot_pipeline', 'scrape_trustpilot_reviews', 'manual__2025-06-12T11:21:10.065500+00:00', '--job-id', '26', '--raw', '--subdir', 'DAGS_FOLDER/trustpilot_dag.py', '--cfg-path', '/tmp/tmp_znf_r9z']
[2025-06-12T11:21:12.593+0000] {standard_task_runner.py:91} INFO - Job 26: Subtask scrape_trustpilot_reviews
[2025-06-12T11:21:12.613+0000] {logging_mixin.py:188} WARNING - /home/***/.local/lib/python3.11/site-packages/***/settings.py:195 DeprecationWarning: The sql_alchemy_conn option in [core] has been moved to the sql_alchemy_conn option in [database] - the old setting has been used, but please update your config.
[2025-06-12T11:21:12.653+0000] {task_command.py:426} INFO - Running <TaskInstance: trustpilot_pipeline.scrape_trustpilot_reviews manual__2025-06-12T11:21:10.065500+00:00 [running]> on host 76d17f364da3
[2025-06-12T11:21:12.769+0000] {taskinstance.py:2648} INFO - Exporting env vars: AIRFLOW_CTX_DAG_OWNER='***' AIRFLOW_CTX_DAG_ID='trustpilot_pipeline' AIRFLOW_CTX_TASK_ID='scrape_trustpilot_reviews' AIRFLOW_CTX_EXECUTION_DATE='2025-06-12T11:21:10.065500+00:00' AIRFLOW_CTX_TRY_NUMBER='1' AIRFLOW_CTX_DAG_RUN_ID='manual__2025-06-12T11:21:10.065500+00:00'
[2025-06-12T11:21:12.771+0000] {taskinstance.py:430} INFO - ::endgroup::
[2025-06-12T11:21:12.785+0000] {taskinstance.py:441} INFO - ::group::Post task execution logs
[2025-06-12T11:21:12.786+0000] {taskinstance.py:2905} ERROR - Task failed with exception
Traceback (most recent call last):
  File "/home/airflow/.local/lib/python3.11/site-packages/airflow/models/taskinstance.py", line 465, in _execute_task
    result = _execute_callable(context=context, **execute_callable_kwargs)
             ^^^^^^^^^^^^^^^^^^^^^^^^^^^^^^^^^^^^^^^^^^^^^^^^^^^^^^^^^^^^^
  File "/home/airflow/.local/lib/python3.11/site-packages/airflow/models/taskinstance.py", line 432, in _execute_callable
    return execute_callable(context=context, **execute_callable_kwargs)
           ^^^^^^^^^^^^^^^^^^^^^^^^^^^^^^^^^^^^^^^^^^^^^^^^^^^^^^^^^^^^
  File "/home/airflow/.local/lib/python3.11/site-packages/airflow/models/baseoperator.py", line 400, in wrapper
    return func(self, *args, **kwargs)
           ^^^^^^^^^^^^^^^^^^^^^^^^^^^
  File "/home/airflow/.local/lib/python3.11/site-packages/airflow/operators/python.py", line 235, in execute
    return_value = self.execute_callable()
                   ^^^^^^^^^^^^^^^^^^^^^^^
  File "/home/airflow/.local/lib/python3.11/site-packages/airflow/operators/python.py", line 252, in execute_callable
    return self.python_callable(*self.op_args, **self.op_kwargs)
           ^^^^^^^^^^^^^^^^^^^^^^^^^^^^^^^^^^^^^^^^^^^^^^^^^^^^^
  File "/opt/airflow/dags/trustpilot_dag.py", line 33, in wrapper_run_scraper
    run_scraper(scrape_date=scrape_date)
  File "/opt/airflow/project/scripts_data/scraper.py", line 129, in run_scraper
    scrape_reviews(mode="csv", scrape_date=scrape_date)
TypeError: scrape_reviews() got an unexpected keyword argument 'scrape_date'
[2025-06-12T11:21:12.799+0000] {taskinstance.py:1206} INFO - Marking task as UP_FOR_RETRY. dag_id=trustpilot_pipeline, task_id=scrape_trustpilot_reviews, run_id=manual__2025-06-12T11:21:10.065500+00:00, execution_date=20250612T112110, start_date=20250612T112112, end_date=20250612T112112
[2025-06-12T11:21:12.813+0000] {standard_task_runner.py:110} ERROR - Failed to execute job 26 for task scrape_trustpilot_reviews (scrape_reviews() got an unexpected keyword argument 'scrape_date'; 896)
[2025-06-12T11:21:12.849+0000] {local_task_job_runner.py:240} INFO - Task exited with return code 1
[2025-06-12T11:21:12.881+0000] {taskinstance.py:3498} INFO - 0 downstream tasks scheduled from follow-on schedule check
[2025-06-12T11:21:12.884+0000] {local_task_job_runner.py:222} INFO - ::endgroup::
