[2025-06-21T17:00:34.747+0000] {local_task_job_runner.py:120} INFO - ::group::Pre task execution logs
[2025-06-21T17:00:34.784+0000] {taskinstance.py:2076} INFO - Dependencies all met for dep_context=non-requeueable deps ti=<TaskInstance: trustpilot_pipeline.scrape_trustpilot_reviews manual__2025-06-21T16:56:39.539393+00:00 [queued]>
[2025-06-21T17:00:34.793+0000] {taskinstance.py:2076} INFO - Dependencies all met for dep_context=requeueable deps ti=<TaskInstance: trustpilot_pipeline.scrape_trustpilot_reviews manual__2025-06-21T16:56:39.539393+00:00 [queued]>
[2025-06-21T17:00:34.794+0000] {taskinstance.py:2306} INFO - Starting attempt 1 of 2
[2025-06-21T17:00:34.806+0000] {taskinstance.py:2330} INFO - Executing <Task(PythonOperator): scrape_trustpilot_reviews> on 2025-06-21 16:56:39.539393+00:00
[2025-06-21T17:00:34.813+0000] {standard_task_runner.py:63} INFO - Started process 220 to run task
[2025-06-21T17:00:34.817+0000] {standard_task_runner.py:90} INFO - Running: ['***', 'tasks', 'run', 'trustpilot_pipeline', 'scrape_trustpilot_reviews', 'manual__2025-06-21T16:56:39.539393+00:00', '--job-id', '2', '--raw', '--subdir', 'DAGS_FOLDER/trustpilot_dag.py', '--cfg-path', '/tmp/tmptv2i9mcu']
[2025-06-21T17:00:34.820+0000] {standard_task_runner.py:91} INFO - Job 2: Subtask scrape_trustpilot_reviews
[2025-06-21T17:00:34.839+0000] {logging_mixin.py:188} WARNING - /home/***/.local/lib/python3.11/site-packages/***/settings.py:195 DeprecationWarning: The sql_alchemy_conn option in [core] has been moved to the sql_alchemy_conn option in [database] - the old setting has been used, but please update your config.
[2025-06-21T17:00:34.877+0000] {task_command.py:426} INFO - Running <TaskInstance: trustpilot_pipeline.scrape_trustpilot_reviews manual__2025-06-21T16:56:39.539393+00:00 [running]> on host 92146c76f2b4
[2025-06-21T17:00:34.964+0000] {taskinstance.py:2648} INFO - Exporting env vars: AIRFLOW_CTX_DAG_OWNER='***' AIRFLOW_CTX_DAG_ID='trustpilot_pipeline' AIRFLOW_CTX_TASK_ID='scrape_trustpilot_reviews' AIRFLOW_CTX_EXECUTION_DATE='2025-06-21T16:56:39.539393+00:00' AIRFLOW_CTX_TRY_NUMBER='1' AIRFLOW_CTX_DAG_RUN_ID='manual__2025-06-21T16:56:39.539393+00:00'
[2025-06-21T17:00:34.965+0000] {taskinstance.py:430} INFO - ::endgroup::
[2025-06-21T17:00:34.996+0000] {logging_mixin.py:188} INFO - ▶ Début du scraping à 2025-06-21T17:00:34.996332
[2025-06-21T17:00:34.996+0000] {logging_mixin.py:188} INFO - Scraping : https://fr.trustpilot.com/review/www.leroymerlin.fr
[2025-06-21T17:00:35.239+0000] {logging_mixin.py:188} INFO - Tous les avis restants datent de plus de 7 jours. Fin.
[2025-06-21T17:00:35.239+0000] {logging_mixin.py:188} INFO - Scraping terminé.
[2025-06-21T17:00:35.240+0000] {logging_mixin.py:188} INFO - 18 avis collectés.
[2025-06-21T17:00:35.242+0000] {logging_mixin.py:188} INFO - ▶ Début du nettoyage à 2025-06-21T17:00:35.242792
[2025-06-21T17:00:35.259+0000] {logging_mixin.py:188} INFO - Fichier nettoyé sauvegardé dans data/avis_nettoyes.csv
[2025-06-21T17:00:35.260+0000] {logging_mixin.py:188} INFO - ▶ Upload dans BigQuery...
[2025-06-21T17:00:38.082+0000] {logging_mixin.py:188} INFO - ✅ Données chargées dans la table temporaire trustpilot-satisfaction.reviews_dataset.temp_reviews.
[2025-06-21T17:00:40.250+0000] {logging_mixin.py:188} INFO - ✅ Données fusionnées dans la table trustpilot-satisfaction.reviews_dataset.reviews.
[2025-06-21T17:00:40.251+0000] {logging_mixin.py:188} INFO - ✅ Pipeline terminé avec succès.
[2025-06-21T17:00:40.251+0000] {python.py:237} INFO - Done. Returned value was: None
[2025-06-21T17:00:40.252+0000] {taskinstance.py:441} INFO - ::group::Post task execution logs
[2025-06-21T17:00:40.270+0000] {taskinstance.py:1206} INFO - Marking task as SUCCESS. dag_id=trustpilot_pipeline, task_id=scrape_trustpilot_reviews, run_id=manual__2025-06-21T16:56:39.539393+00:00, execution_date=20250621T165639, start_date=20250621T170034, end_date=20250621T170040
[2025-06-21T17:00:40.340+0000] {local_task_job_runner.py:240} INFO - Task exited with return code 0
[2025-06-21T17:00:40.370+0000] {taskinstance.py:3498} INFO - 1 downstream tasks scheduled from follow-on schedule check
[2025-06-21T17:00:40.372+0000] {local_task_job_runner.py:222} INFO - ::endgroup::
